    Blocking waiting for file lock on artifact directory
   Compiling terri-sim v0.1.0 (D:\VIBES\.worktrees\a8a4\terrilives\crates\terri-sim)
    Finished `test` profile [unoptimized + debuginfo] target(s) in 46.76s
     Running unittests src\lib.rs (target\debug\deps\terri_sim-0bcea68002488dc1.exe)

running 41 tests
test chores::board_tests::active_dish_duty_crossing_midnight_settles_only_at_real_completion ... ok
test chores::board_tests::helper_credit_identifies_the_actual_performer_and_cannot_reward_the_same_completion_twice ... ok
test chores::board_tests::missed_episode_cannot_be_rewarded_a_second_time ... ok
test chores::board_tests::neglected_duties_reduce_other_housemates_affinity_once_without_self_resentment ... ok
test chores::board_tests::weekly_assignments_persist_and_new_weeks_use_the_saved_chore_stream ... ok
test chores::board_tests::daily_choices_are_saved_once_and_do_not_reroll_after_personality_edits_or_load ... ok
test chores::grime_tests::actual_last_walking_step_rolls_once_and_standing_does_not ... ok
test chores::grime_tests::completed_station_use_dirties_only_adjacent_counters_and_preserves_waste ... ok
test chores::grime_tests::diagonal_patch_does_not_reach_past_blocked_tile_corners ... ok
test chores::grime_tests::grime_mood_scales_with_opacity_even_without_dirty_floors ... ok
test chores::grime_tests::cleanliness_scales_rolls_and_surface_probability_is_doubled ... ok
test chores::grime_tests::ordinary_completion_rolls_follow_identity_order_after_component_churn ... ok
test chores::grime_tests::patch_contact_rejects_partial_walls_and_diagonal_corners ... ok
test chores::grime_tests::real_dish_washing_rolls_for_sink_neighbors_after_washing ... ok
test chores::grime_tests::unused_rooms_and_surfaces_do_not_age ... ok
test chores::groups::tests::board_groups_each_existing_surface_type_once_per_room ... ok
test chores::grime_tests::nine_tiles_fade_together_over_twenty_four_work_ticks ... ok
test chores::groups::tests::inaccessible_group_is_unavailable_at_midnight ... ok
test chores::groups::tests::moving_all_counters_removes_old_group_adds_new_group_and_releases_suspended_work ... ok
test chores::groups::tests::partitioning_a_room_moves_surface_members_to_the_new_duty ... ok
test chores::groups::tests::removing_the_only_dirty_member_does_not_leave_a_neglected_duty ... ok
test chores::groups::tests::retained_surface_contact_rejects_a_new_wall ... ok
test chores::groups::tests::selling_last_surface_removes_its_duty_and_buying_first_surface_adds_one ... ok
test chores::lifecycle_tests::cancelled_or_dead_dish_actors_leave_no_start_records ... ok
test chores::lifecycle_tests::commute_interruption_keeps_the_career_path_when_chore_is_suspended_or_cancelled ... ok
test chores::lifecycle_tests::real_dish_washing_crosses_midnight_and_reloads_without_double_settlement ... ok
test chores::lifecycle_tests::resumed_surface_work_recomputes_contact_after_actual_furniture_move ... ok
test chores::lifecycle_tests::suspended_bin_sale_preserves_waste_and_removes_invalid_work ... ok
test chores::lifecycle_tests::suspended_floor_plan_is_cancelled_when_room_partition_changes_its_cells ... ok
test chores::lifecycle_tests::unreachable_contact_cancels_only_owned_work_and_preserves_dirt ... ok
test chores::lifecycle_tests::unsupported_dish_task_and_remote_object_contact_are_rejected_before_adoption ... ok
test chores::policy::tests::responsibility_history_and_preference_independently_change_daily_willingness ... ok
test chores::policy::tests::weekly_assignment_uses_chore_preference_and_balances_work_without_responsibility_bias ... ok
test chores::tests::chore_hash_observes_grime_and_independent_personality_values_at_the_same_tick ... ok
test chores::tests::floor_work_walks_and_cleans_over_time_with_valid_saves_at_every_tick ... ok
test chores::tests::mixed_dish_chore_and_ordinary_orders_restore_their_complete_queue_order ... ok
test chores::groups::tests::group_visits_every_counter_and_reloads_between_each_stage ... ok
test chores::tests::paused_cancel_releases_chore_work_without_deleting_unfinished_dirt ... ok
test chores::tests::surface_and_bin_work_require_elapsed_work_and_keep_valid_interrupted_saves ... ok
test chores::tests::unused_tiles_remain_clean_and_profiles_round_trip_without_rerolling ... ok
test chores::tests::normal_household_enables_assignments_and_every_need_declines_during_play ... ok

test result: ok. 41 passed; 0 failed; 0 ignored; 0 measured; 942 filtered out; finished in 5.49s

