{
  "pass": true,
  "wasmSHA256": "05a3e87727c70e197d7e033b7b3e5fd422af0a02d84bcac97086348936d946e0",
  "stages": [
    {
      "stage": 4,
      "carriedCopy": 0,
      "journeyCopy": 0,
      "reachRemaining": 0,
      "reachTotal": 0
    },
    {
      "stage": 7,
      "carriedCopy": 0,
      "journeyCopy": 0,
      "reachRemaining": 4,
      "reachTotal": 4
    }
  ],
  "copy": {
    "id": 0,
    "title": "the_locked_laundry",
    "location": "shelf",
    "slot": 0
  },
  "beforeCancel": {
    "stage": 3,
    "queue": [
      "Reading: The Locked Laundry"
    ],
    "pendingBookCommands": 0
  },
  "postFlush": {
    "stage": 3,
    "queue": [
      "Reading: The Locked Laundry"
    ],
    "pendingBookCommands": 0
  },
  "reviewedFixtureFlags": {
    "autonomousJourney": true,
    "journeyOrder": null
  },
  "loadedProgress": null,
  "returnStartMemory": {
    "simId": 0,
    "titleId": "the_locked_laundry",
    "progressTicks": 60,
    "progressFraction": 0,
    "passNovelty": 1,
    "familiarity": 0.4999436140060425,
    "lastReadTick": "243",
    "completedPasses": 0
  },
  "finalMemory": {
    "simId": 0,
    "titleId": "the_locked_laundry",
    "progressTicks": 60,
    "progressFraction": 0,
    "passNovelty": 1,
    "familiarity": 0.4999436140060425,
    "lastReadTick": "243",
    "completedPasses": 0
  },
  "observedReturnTicks": [
    {
      "tick": 60,
      "stage": 4,
      "progressTicks": 60,
      "progressFraction": 0,
      "completedPasses": 0,
      "copy": 0,
      "title": "the_locked_laundry",
      "borrower": 0
    },
    {
      "tick": 61,
      "stage": 4,
      "progressTicks": 60,
      "progressFraction": 0,
      "completedPasses": 0,
      "copy": 0,
      "title": "the_locked_laundry",
      "borrower": 0
    },
    {
      "tick": 62,
      "stage": 4,
      "progressTicks": 60,
      "progressFraction": 0,
      "completedPasses": 0,
      "copy": 0,
      "title": "the_locked_laundry",
      "borrower": 0
    },
    {
      "tick": 63,
      "stage": 4,
      "progressTicks": 60,
      "progressFraction": 0,
      "completedPasses": 0,
      "copy": 0,
      "title": "the_locked_laundry",
      "borrower": 0
    },
    {
      "tick": 64,
      "stage": 4,
      "progressTicks": 60,
      "progressFraction": 0,
      "completedPasses": 0,
      "copy": 0,
      "title": "the_locked_laundry",
      "borrower": 0
    },
    {
      "tick": 65,
      "stage": 4,
      "progressTicks": 60,
      "progressFraction": 0,
      "completedPasses": 0,
      "copy": 0,
      "title": "the_locked_laundry",
      "borrower": 0
    },
    {
      "tick": 66,
      "stage": 4,
      "progressTicks": 60,
      "progressFraction": 0,
      "completedPasses": 0,
      "copy": 0,
      "title": "the_locked_laundry",
      "borrower": 0
    },
    {
      "tick": 67,
      "stage": 4,
      "progressTicks": 60,
      "progressFraction": 0,
      "completedPasses": 0,
      "copy": 0,
      "title": "the_locked_laundry",
      "borrower": 0
    },
    {
      "tick": 68,
      "stage": 4,
      "progressTicks": 60,
      "progressFraction": 0,
      "completedPasses": 0,
      "copy": 0,
      "title": "the_locked_laundry",
      "borrower": 0
    },
    {
      "tick": 69,
      "stage": 4,
      "progressTicks": 60,
      "progressFraction": 0,
      "completedPasses": 0,
      "copy": 0,
      "title": "the_locked_laundry",
      "borrower": 0
    },
    {
      "tick": 70,
      "stage": 4,
      "progressTicks": 60,
      "progressFraction": 0,
      "completedPasses": 0,
      "copy": 0,
      "title": "the_locked_laundry",
      "borrower": 0
    },
    {
      "tick": 71,
      "stage": 4,
      "progressTicks": 60,
      "progressFraction": 0,
      "completedPasses": 0,
      "copy": 0,
      "title": "the_locked_laundry",
      "borrower": 0
    },
    {
      "tick": 72,
      "stage": 4,
      "progressTicks": 60,
      "progressFraction": 0,
      "completedPasses": 0,
      "copy": 0,
      "title": "the_locked_laundry",
      "borrower": 0
    },
    {
      "tick": 73,
      "stage": 4,
      "progressTicks": 60,
      "progressFraction": 0,
      "completedPasses": 0,
      "copy": 0,
      "title": "the_locked_laundry",
      "borrower": 0
    },
    {
      "tick": 74,
      "stage": 4,
      "progressTicks": 60,
      "progressFraction": 0,
      "completedPasses": 0,
      "copy": 0,
      "title": "the_locked_laundry",
      "borrower": 0
    },
    {
      "tick": 75,
      "stage": 4,
      "progressTicks": 60,
      "progressFraction": 0,
      "completedPasses": 0,
      "copy": 0,
      "title": "the_locked_laundry",
      "borrower": 0
    },
    {
      "tick": 76,
      "stage": 4,
      "progressTicks": 60,
      "progressFraction": 0,
      "completedPasses": 0,
      "copy": 0,
      "title": "the_locked_laundry",
      "borrower": 0
    },
    {
      "tick": 77,
      "stage": 4,
      "progressTicks": 60,
      "progressFraction": 0,
      "completedPasses": 0,
      "copy": 0,
      "title": "the_locked_laundry",
      "borrower": 0
    },
    {
      "tick": 78,
      "stage": 4,
      "progressTicks": 60,
      "progressFraction": 0,
      "completedPasses": 0,
      "copy": 0,
      "title": "the_locked_laundry",
      "borrower": 0
    },
    {
      "tick": 79,
      "stage": 4,
      "progressTicks": 60,
      "progressFraction": 0,
      "completedPasses": 0,
      "copy": 0,
      "title": "the_locked_laundry",
      "borrower": 0
    },
    {
      "tick": 80,
      "stage": 4,
      "progressTicks": 60,
      "progressFraction": 0,
      "completedPasses": 0,
      "copy": 0,
      "title": "the_locked_laundry",
      "borrower": 0
    },
    {
      "tick": 81,
      "stage": 4,
      "progressTicks": 60,
      "progressFraction": 0,
      "completedPasses": 0,
      "copy": 0,
      "title": "the_locked_laundry",
      "borrower": 0
    },
    {
      "tick": 82,
      "stage": 4,
      "progressTicks": 60,
      "progressFraction": 0,
      "completedPasses": 0,
      "copy": 0,
      "title": "the_locked_laundry",
      "borrower": 0
    },
    {
      "tick": 83,
      "stage": 4,
      "progressTicks": 60,
      "progressFraction": 0,
      "completedPasses": 0,
      "copy": 0,
      "title": "the_locked_laundry",
      "borrower": 0
    },
    {
      "tick": 84,
      "stage": 4,
      "progressTicks": 60,
      "progressFraction": 0,
      "completedPasses": 0,
      "copy": 0,
      "title": "the_locked_laundry",
      "borrower": 0
    },
    {
      "tick": 85,
      "stage": 4,
      "progressTicks": 60,
      "progressFraction": 0,
      "completedPasses": 0,
      "copy": 0,
      "title": "the_locked_laundry",
      "borrower": 0
    },
    {
      "tick": 86,
      "stage": 4,
      "progressTicks": 60,
      "progressFraction": 0,
      "completedPasses": 0,
      "copy": 0,
      "title": "the_locked_laundry",
      "borrower": 0
    },
    {
      "tick": 87,
      "stage": 4,
      "progressTicks": 60,
      "progressFraction": 0,
      "completedPasses": 0,
      "copy": 0,
      "title": "the_locked_laundry",
      "borrower": 0
    },
    {
      "tick": 88,
      "stage": 4,
      "progressTicks": 60,
      "progressFraction": 0,
      "completedPasses": 0,
      "copy": 0,
      "title": "the_locked_laundry",
      "borrower": 0
    },
    {
      "tick": 89,
      "stage": 4,
      "progressTicks": 60,
      "progressFraction": 0,
      "completedPasses": 0,
      "copy": 0,
      "title": "the_locked_laundry",
      "borrower": 0
    },
    {
      "tick": 90,
      "stage": 4,
      "progressTicks": 60,
      "progressFraction": 0,
      "completedPasses": 0,
      "copy": 0,
      "title": "the_locked_laundry",
      "borrower": 0
    },
    {
      "tick": 91,
      "stage": 4,
      "progressTicks": 60,
      "progressFraction": 0,
      "completedPasses": 0,
      "copy": 0,
      "title": "the_locked_laundry",
      "borrower": 0
    },
    {
      "tick": 92,
      "stage": 4,
      "progressTicks": 60,
      "progressFraction": 0,
      "completedPasses": 0,
      "copy": 0,
      "title": "the_locked_laundry",
      "borrower": 0
    },
    {
      "tick": 93,
      "stage": 4,
      "progressTicks": 60,
      "progressFraction": 0,
      "completedPasses": 0,
      "copy": 0,
      "title": "the_locked_laundry",
      "borrower": 0
    },
    {
      "tick": 94,
      "stage": 4,
      "progressTicks": 60,
      "progressFraction": 0,
      "completedPasses": 0,
      "copy": 0,
      "title": "the_locked_laundry",
      "borrower": 0
    },
    {
      "tick": 95,
      "stage": 4,
      "progressTicks": 60,
      "progressFraction": 0,
      "completedPasses": 0,
      "copy": 0,
      "title": "the_locked_laundry",
      "borrower": 0
    },
    {
      "tick": 96,
      "stage": 4,
      "progressTicks": 60,
      "progressFraction": 0,
      "completedPasses": 0,
      "copy": 0,
      "title": "the_locked_laundry",
      "borrower": 0
    },
    {
      "tick": 97,
      "stage": 4,
      "progressTicks": 60,
      "progressFraction": 0,
      "completedPasses": 0,
      "copy": 0,
      "title": "the_locked_laundry",
      "borrower": 0
    },
    {
      "tick": 98,
      "stage": 4,
      "progressTicks": 60,
      "progressFraction": 0,
      "completedPasses": 0,
      "copy": 0,
      "title": "the_locked_laundry",
      "borrower": 0
    },
    {
      "tick": 99,
      "stage": 4,
      "progressTicks": 60,
      "progressFraction": 0,
      "completedPasses": 0,
      "copy": 0,
      "title": "the_locked_laundry",
      "borrower": 0
    },
    {
      "tick": 100,
      "stage": 4,
      "progressTicks": 60,
      "progressFraction": 0,
      "completedPasses": 0,
      "copy": 0,
      "title": "the_locked_laundry",
      "borrower": 0
    },
    {
      "tick": 101,
      "stage": 4,
      "progressTicks": 60,
      "progressFraction": 0,
      "completedPasses": 0,
      "copy": 0,
      "title": "the_locked_laundry",
      "borrower": 0
    },
    {
      "tick": 102,
      "stage": 4,
      "progressTicks": 60,
      "progressFraction": 0,
      "completedPasses": 0,
      "copy": 0,
      "title": "the_locked_laundry",
      "borrower": 0
    },
    {
      "tick": 103,
      "stage": 4,
      "progressTicks": 60,
      "progressFraction": 0,
      "completedPasses": 0,
      "copy": 0,
      "title": "the_locked_laundry",
      "borrower": 0
    },
    {
      "tick": 104,
      "stage": 4,
      "progressTicks": 60,
      "progressFraction": 0,
      "completedPasses": 0,
      "copy": 0,
      "title": "the_locked_laundry",
      "borrower": 0
    },
    {
      "tick": 105,
      "stage": 4,
      "progressTicks": 60,
      "progressFraction": 0,
      "completedPasses": 0,
      "copy": 0,
      "title": "the_locked_laundry",
      "borrower": 0
    },
    {
      "tick": 106,
      "stage": 4,
      "progressTicks": 60,
      "progressFraction": 0,
      "completedPasses": 0,
      "copy": 0,
      "title": "the_locked_laundry",
      "borrower": 0
    },
    {
      "tick": 107,
      "stage": 4,
      "progressTicks": 60,
      "progressFraction": 0,
      "completedPasses": 0,
      "copy": 0,
      "title": "the_locked_laundry",
      "borrower": 0
    },
    {
      "tick": 108,
      "stage": 4,
      "progressTicks": 60,
      "progressFraction": 0,
      "completedPasses": 0,
      "copy": 0,
      "title": "the_locked_laundry",
      "borrower": 0
    },
    {
      "tick": 109,
      "stage": 4,
      "progressTicks": 60,
      "progressFraction": 0,
      "completedPasses": 0,
      "copy": 0,
      "title": "the_locked_laundry",
      "borrower": 0
    },
    {
      "tick": 110,
      "stage": 4,
      "progressTicks": 60,
      "progressFraction": 0,
      "completedPasses": 0,
      "copy": 0,
      "title": "the_locked_laundry",
      "borrower": 0
    },
    {
      "tick": 111,
      "stage": 4,
      "progressTicks": 60,
      "progressFraction": 0,
      "completedPasses": 0,
      "copy": 0,
      "title": "the_locked_laundry",
      "borrower": 0
    },
    {
      "tick": 112,
      "stage": 4,
      "progressTicks": 60,
      "progressFraction": 0,
      "completedPasses": 0,
      "copy": 0,
      "title": "the_locked_laundry",
      "borrower": 0
    },
    {
      "tick": 113,
      "stage": 4,
      "progressTicks": 60,
      "progressFraction": 0,
      "completedPasses": 0,
      "copy": 0,
      "title": "the_locked_laundry",
      "borrower": 0
    },
    {
      "tick": 114,
      "stage": 4,
      "progressTicks": 60,
      "progressFraction": 0,
      "completedPasses": 0,
      "copy": 0,
      "title": "the_locked_laundry",
      "borrower": 0
    },
    {
      "tick": 115,
      "stage": 4,
      "progressTicks": 60,
      "progressFraction": 0,
      "completedPasses": 0,
      "copy": 0,
      "title": "the_locked_laundry",
      "borrower": 0
    },
    {
      "tick": 116,
      "stage": 4,
      "progressTicks": 60,
      "progressFraction": 0,
      "completedPasses": 0,
      "copy": 0,
      "title": "the_locked_laundry",
      "borrower": 0
    },
    {
      "tick": 117,
      "stage": 4,
      "progressTicks": 60,
      "progressFraction": 0,
      "completedPasses": 0,
      "copy": 0,
      "title": "the_locked_laundry",
      "borrower": 0
    },
    {
      "tick": 118,
      "stage": 4,
      "progressTicks": 60,
      "progressFraction": 0,
      "completedPasses": 0,
      "copy": 0,
      "title": "the_locked_laundry",
      "borrower": 0
    },
    {
      "tick": 119,
      "stage": 4,
      "progressTicks": 60,
      "progressFraction": 0,
      "completedPasses": 0,
      "copy": 0,
      "title": "the_locked_laundry",
      "borrower": 0
    },
    {
      "tick": 120,
      "stage": 4,
      "progressTicks": 60,
      "progressFraction": 0,
      "completedPasses": 0,
      "copy": 0,
      "title": "the_locked_laundry",
      "borrower": 0
    },
    {
      "tick": 121,
      "stage": 7,
      "progressTicks": 60,
      "progressFraction": 0,
      "completedPasses": 0,
      "copy": 0,
      "title": "the_locked_laundry",
      "borrower": 0
    },
    {
      "tick": 122,
      "stage": 7,
      "progressTicks": 60,
      "progressFraction": 0,
      "completedPasses": 0,
      "copy": 0,
      "title": "the_locked_laundry",
      "borrower": 0
    },
    {
      "tick": 123,
      "stage": 7,
      "progressTicks": 60,
      "progressFraction": 0,
      "completedPasses": 0,
      "copy": 0,
      "title": "the_locked_laundry",
      "borrower": 0
    },
    {
      "tick": 124,
      "stage": 7,
      "progressTicks": 60,
      "progressFraction": 0,
      "completedPasses": 0,
      "copy": 0,
      "title": "the_locked_laundry",
      "borrower": 0
    }
  ],
  "progressUnchangedDuringActualReturn": true,
  "visuals": "Return carrying art exists; full shelf-contact art remains unverified"
}
