   Compiling unicode-ident v1.0.24
   Compiling proc-macro2 v1.0.107
   Compiling quote v1.0.47
   Compiling serde_core v1.0.229
   Compiling syn v2.0.119
   Compiling equivalent v1.0.2
   Compiling syn v3.0.3
   Compiling winnow v1.0.4
   Compiling serde v1.0.229
   Compiling hashbrown v0.17.1
   Compiling toml_parser v1.1.3+spec-1.1.0
   Compiling serde_derive v1.0.229
   Compiling indexmap v2.14.0
   Compiling crossbeam-utils v0.8.22
   Compiling thiserror v2.0.19
   Compiling toml_datetime v0.7.5+spec-1.1.0
   Compiling winnow v0.7.15
   Compiling unicode-segmentation v1.13.3
   Compiling convert_case v0.10.0
   Compiling toml_edit v0.23.10+spec-1.0.0
   Compiling thiserror-impl v2.0.19
   Compiling hashbrown v0.16.1
   Compiling unicode-xid v0.2.6
   Compiling foldhash v0.2.0
   Compiling spin v0.10.1
   Compiling cfg-if v1.0.4
   Compiling typeid v1.0.3
   Compiling bevy_platform v0.18.1
   Compiling derive_more-impl v2.1.1
   Compiling bevy_macro_utils v0.18.1
   Compiling erased-serde v0.4.10
   Compiling thread_local v1.1.10
   Compiling futures-core v0.3.33
   Compiling bumpalo v3.20.3
   Compiling futures-io v0.3.33
   Compiling pin-project-lite v0.2.17
   Compiling version_check v0.9.5
   Compiling fastrand v2.5.0
   Compiling parking v2.2.1
   Compiling disqualified v1.0.0
   Compiling bevy_utils v0.18.1
   Compiling futures-lite v2.6.1
   Compiling derive_more v2.1.1
   Compiling slotmap v1.1.1
   Compiling concurrent-queue v2.5.0
   Compiling bevy_reflect_derive v0.18.1
   Compiling assert_type_match v0.1.1
   Compiling variadics_please v1.1.0
   Compiling smallvec v1.15.2
   Compiling bevy_ptr v0.18.1
   Compiling slab v0.4.12
   Compiling async-task v4.7.1
   Compiling downcast-rs v2.0.2
   Compiling async-executor v1.14.0
   Compiling crossbeam-queue v0.3.13
   Compiling atomic-waker v1.1.2
   Compiling bevy_tasks v0.18.1
   Compiling bevy_ecs_macros v0.18.1
   Compiling bitflags v2.13.1
   Compiling fixedbitset v0.5.7
   Compiling log v0.4.33
   Compiling nonmax v0.5.5
   Compiling bevy_reflect v0.18.1
   Compiling wasm-bindgen-shared v0.2.126
   Compiling cobs v0.3.0
   Compiling toml_datetime v1.1.1+spec-1.1.0
   Compiling serde_spanned v1.1.1
   Compiling toml_writer v1.1.2+spec-1.1.0
   Compiling rustversion v1.0.23
   Compiling bevy_ecs v0.18.1
   Compiling toml v1.1.3+spec-1.1.0
   Compiling terri-core v0.1.0 (D:\VIBES\.worktrees\f24d\terrilives\.tmp\object-models\upstream-2f319c3b-20261006\capture-source\crates\terri-core)
   Compiling postcard v1.1.3
   Compiling terri-data v0.1.0 (D:\VIBES\.worktrees\f24d\terrilives\.tmp\object-models\upstream-2f319c3b-20261006\capture-source\crates\terri-data)
   Compiling wasm-bindgen-macro-support v0.2.126
   Compiling wasm-bindgen v0.2.126
   Compiling wasm-bindgen-macro v0.2.126
   Compiling once_cell v1.21.4
   Compiling terri-sim v0.1.0 (D:\VIBES\.worktrees\f24d\terrilives\.tmp\object-models\upstream-2f319c3b-20261006\capture-source\crates\terri-sim)
   Compiling terri-wasm v0.1.0 (D:\VIBES\.worktrees\f24d\terrilives\.tmp\object-models\upstream-2f319c3b-20261006\capture-source\crates\terri-wasm)
    Finished `dev` profile [unoptimized + debuginfo] target(s) in 1m 49s
     Running `D:/VIBES/.worktrees/f24d/terrilives/.tmp/object-models/upstream-2f319c3b-20261006/capture-target\debug\examples\pinned_2f_export.exe D:/VIBES/.worktrees/f24d/terrilives/.tmp/object-models/upstream-2f319c3b-20261006/capture-output`
capture	initial	0	3360	true	true	true	true
capture	played	1000	3867	true	true	true	true
capture	active-handwash	53	3754	true	true	true	true
observed	active-handwash	true
capture	active-toilet	53	3750	true	true	true	true
observed	active-toilet	true
capture	pending-23-28	0	3385	true	true	true	true
