   Compiling terri-data v0.1.0 (D:\VIBES\.worktrees\f24d\terrilives\crates\terri-data)
    Finished `test` profile [unoptimized + debuginfo] target(s) in 3.39s
     Running unittests src\lib.rs (target\debug\deps\terri_data-c6b1992c464e518b.exe)

running 314 tests
test compile::tests::a_colourway_id_is_declared_once ... ok
test compile::tests::a_colourway_has_an_id_and_a_name ... ok
test compile::tests::a_compiled_pack_serialises_to_a_stable_golden_vector ... ok
test compile::tests::a_disposition_that_changes_nothing_is_refused ... ok
test compile::tests::a_disposition_opens_with_the_verb_its_multiplier_earns ... ok
test compile::tests::a_front_door_must_stand_on_reachable_floor ... ok
test compile::tests::a_house_must_fit_its_lot ... ok
test compile::tests::a_front_door_may_stand_on_the_houses_outside_wall ... ok
test compile::tests::a_lot_naming_no_house_is_all_house_and_its_yard_is_drawn_as_the_floor ... ok
test compile::tests::a_missing_foreground_facing_variant_names_its_own_atlas_entry ... ok
test compile::tests::a_house_smaller_than_its_lot_is_closed_by_its_walls ... ok
test compile::tests::a_negative_decay_rate_is_rejected_but_a_negative_advert_is_content ... ok
test compile::tests::a_pack_without_a_circadian_table_compiles_and_carries_none ... ok
test compile::tests::a_placement_facing_resolves_a_sprite_variant_or_fails_by_name ... ok
test compile::tests::a_valid_circadian_table_reaches_the_pack ... ok
test compile::tests::a_variance_near_one_is_in_range_but_leaves_no_duration_unclipped ... ok
test compile::tests::a_visual_front_door_compiles_a_portal_row ... ok
test compile::tests::a_voice_pair_below_the_interaction_floor_is_rejected ... ok
test compile::tests::a_worn_trait_resolves_to_the_index_of_its_own_id ... ok
test compile::tests::a_zero_disposition_is_a_fear_and_a_negative_one_is_rejected ... ok
test compile::tests::a_zero_drain_is_a_trait_and_a_zero_satisfaction_is_a_trap ... ok
test compile::tests::a_zero_price_is_refused_and_no_price_or_one_compiles ... ok
test compile::tests::accepts_a_contested_score_multiplier_at_either_end_of_its_range ... ok
test compile::tests::advertises_are_sorted_by_need_index ... ok
test compile::tests::allows_the_same_interaction_id_on_different_objects ... ok
test compile::tests::an_interaction_label_defaults_to_its_id_is_kept_verbatim_and_is_never_blank ... ok
test compile::tests::an_explicit_portal_entry_must_be_a_clear_cardinal_neighbor ... ok
test compile::tests::an_objects_footprint_reaches_the_pack_with_its_width_and_depth_unswapped ... ok
test compile::tests::an_objects_sprite_resolves_to_its_position_in_the_atlas ... ok
test compile::tests::book_seat_contracts_cannot_attach_to_social_only_actions ... ok
test compile::tests::autonomy_denominators_and_positive_exploration_are_validated ... ok
test compile::tests::book_seat_contracts_compile_and_require_physical_seats ... ok
test compile::tests::colourways_compile_in_content_order ... ok
test compile::tests::colourway_shifts_stay_in_range ... ok
test compile::tests::compiles_a_chain_and_mints_its_vocabularies ... ok
test compile::tests::compiles_a_lot_into_the_pack ... ok
test compile::tests::compiles_affinity_kinds_in_file_order_with_object_indices ... ok
test compile::tests::compiles_activity_vocabulary_and_reports_unknown_owner ... ok
test compile::tests::compiles_an_archetype_and_a_household_member_into_their_slots ... ok
test compile::tests::compiles_careers_and_resolves_the_household_holder ... ok
test compile::tests::compiles_completion_sound_as_separate_closed_metadata ... ok
test compile::tests::compiles_object_sound_actions_and_rejects_unknown_vocabulary ... ok
test compile::tests::compiles_chain_step_sound_actions_and_rejects_unknown_vocabulary ... ok
test compile::tests::compiles_read_against_the_owning_objects_second_socket ... ok
test compile::tests::compiles_the_social_vocabulary_into_the_pack ... ok
test compile::tests::compiles_tuning_into_the_pack ... ok
test compile::tests::compiles_valid_content ... ok
test compile::tests::decay_rates_land_at_their_own_need_index ... ok
test compile::tests::compiles_working_days_to_a_monday_first_mask ... ok
test compile::tests::direction_sockets_reject_one_negative_rotated_axis_without_a_lot_placement ... ok
test compile::tests::dispositions_compile_sorted_by_key_not_by_declaration_order ... ok
test compile::tests::error_messages_name_the_offending_content ... ok
test compile::tests::every_lot_edge_resolves_its_outward_facing_and_inward_tile ... ok
test compile::tests::every_affinity_knob_is_copied_to_its_own_compiled_field ... ok
test compile::tests::every_overdoing_knob_is_copied_to_its_own_compiled_field ... ok
test compile::tests::every_mood_knob_is_copied_to_its_own_compiled_field ... ok
test compile::tests::foreground_sprite_is_resolved_without_changing_the_primary_sprite ... ok
test compile::tests::foreground_sprite_follows_the_placement_facing_and_keeps_se_unsuffixed ... ok
test compile::tests::household_capacity_accepts_six_and_rejects_seven ... ok
test compile::tests::grief_tuning_requires_finite_positive_ordered_scores_and_duration ... ok
test compile::tests::lot_error_messages_name_the_offending_placement ... ok
test compile::tests::interpersonal_tuning_rejects_invalid_magnitudes_and_preserves_zero ... ok
test compile::tests::mortality_timing_requires_time_to_die_and_an_earlier_warning ... ok
test compile::tests::need_and_seat_rules_are_validated_and_copied_at_the_authoring_boundary ... ok
test compile::tests::mood_tuning_rejects_nonfinite_negative_and_reversed_ranges ... ok
test compile::tests::object_identity_round_trips_and_rejects_blank_copy ... ok
test compile::tests::no_shipped_interaction_is_clipped_by_the_interaction_floor ... ok
test compile::tests::placement_carries_the_resolved_foreground_sprite ... ok
test compile::tests::overdoing_tuning_rejects_each_knob_outside_its_range ... ok
test compile::tests::placement_facing_rotates_both_socket_axes_and_socket_facing ... ok
test compile::tests::placements_resolve_to_the_declared_object_index ... ok
test compile::tests::portal_landings_cannot_cross_solid_wall_edges ... ok
test compile::tests::rejects_a_blank_career_label ... ok
test compile::tests::rejects_a_blank_personality_description_and_keeps_a_real_one ... ok
test compile::tests::rejects_a_blank_sleep_tag ... ok
test compile::tests::rejects_a_blocked_inward_portal_tile ... ok
test compile::tests::rejects_a_chain_whose_station_is_declared_but_not_placed ... ok
test compile::tests::rejects_a_circadian_curve_with_fewer_than_two_points ... ok
test compile::tests::rejects_a_circadian_point_outside_the_day ... ok
test compile::tests::rejects_a_decay_rate_for_a_need_rustc_does_not_know ... ok
test compile::tests::rejects_a_declared_need_with_no_decay_rate ... ok
test compile::tests::rejects_a_disposition_toward_missing_content ... ok
test compile::tests::rejects_a_duplicate_archetype_id ... ok
test compile::tests::rejects_a_duplicate_career_id ... ok
test compile::tests::rejects_a_duplicate_declared_need ... ok
test compile::tests::rejects_a_first_weekday_past_sunday ... ok
test compile::tests::rejects_a_duration_variance_outside_zero_to_one ... ok
test compile::tests::rejects_a_footprint_that_covers_a_wall_though_its_placement_does_not ... ok
test compile::tests::rejects_a_footprint_that_runs_off_the_lot_though_its_placement_does_not ... ok
test compile::tests::rejects_a_footprint_that_seals_a_doorway_but_accepts_one_clear_of_it ... ok
test compile::tests::rejects_a_free_skill_ladder_and_a_shrinking_one ... ok
test compile::tests::rejects_a_front_door_sealed_off_from_the_rest_of_the_lot ... ok
test compile::tests::rejects_a_habituation_floor_outside_zero_exclusive_to_one_inclusive ... ok
test compile::tests::rejects_a_hobby_multiplier_below_one_and_accepts_the_disable ... ok
test compile::tests::rejects_a_lot_with_a_zero_dimension ... ok
test compile::tests::rejects_a_household_member_with_a_missing_archetype_or_a_blank_name ... ok
test compile::tests::rejects_a_need_variant_that_content_does_not_declare ... ok
test compile::tests::rejects_a_negative_disposition_and_accepts_the_fear ... ok
test compile::tests::rejects_a_negative_neglect_bleed_and_accepts_zero ... ok
test compile::tests::rejects_a_negative_or_non_finite_sleep_multiplier ... ok
test compile::tests::rejects_a_non_finite_tuning_value ... ok
test compile::tests::rejects_a_non_positive_choice_temperature ... ok
test compile::tests::rejects_a_placement_naming_an_object_that_does_not_exist ... ok
test compile::tests::rejects_a_placement_on_a_wall_tile ... ok
test compile::tests::rejects_a_placement_outside_the_lot ... ok
test compile::tests::rejects_a_shift_the_day_cannot_hold ... ok
test compile::tests::rejects_a_sim_holding_an_undeclared_career ... ok
test compile::tests::rejects_a_social_interaction_the_duration_floor_would_clip ... ok
test compile::tests::rejects_a_sim_wearing_the_same_trait_twice ... ok
test compile::tests::rejects_a_socket_inside_before_rotation_but_outside_the_rotated_non_square_footprint ... ok
test compile::tests::rejects_a_spawn_sealed_off_from_the_rest_of_the_lot ... ok
test compile::tests::rejects_a_spawn_off_the_lot_or_inside_something_solid ... ok
test compile::tests::rejects_a_trait_with_a_blank_label_or_a_blank_description ... ok
test compile::tests::rejects_a_starting_need_that_is_unknown_or_out_of_range ... ok
test compile::tests::rejects_a_trough_no_amount_of_exhaustion_can_beat ... ok
test compile::tests::rejects_a_visual_front_door_facing_the_wrong_way ... ok
test compile::tests::rejects_a_worker_on_a_doorless_lot ... ok
test compile::tests::rejects_a_wall_outside_the_lot ... ok
test compile::tests::rejects_a_zero_interaction_floor ... ok
test compile::tests::rejects_a_zero_footprint_dimension ... ok
test compile::tests::rejects_a_zero_tick_shift ... ok
test compile::tests::rejects_a_zero_tick_day ... ok
test compile::tests::rejects_an_advert_naming_an_unknown_need ... ok
test compile::tests::rejects_an_asleep_decay_scale_outside_its_range ... ok
test compile::tests::rejects_an_atlas_with_no_sprite_for_a_sim ... ok
test compile::tests::rejects_an_exhaustion_ramp_that_cannot_ramp ... ok
test compile::tests::rejects_affinity_tuning_out_of_range ... ok
test compile::tests::rejects_an_idle_threshold_above_the_action_threshold ... ok
test compile::tests::rejects_an_interaction_the_floor_would_set_the_length_of ... ok
test compile::tests::rejects_an_object_naming_a_foreground_sprite_the_atlas_does_not_hold ... ok
test compile::tests::rejects_an_object_naming_a_sprite_the_atlas_does_not_hold ... ok
test compile::tests::rejects_an_object_with_no_walkable_tile_beside_it_but_accepts_one_with_exactly_one ... ok
test compile::tests::rejects_an_unknown_declared_need ... ok
test compile::tests::rejects_an_unknown_need_in_either_personality_map ... ok
test compile::tests::rejects_blank_and_repeated_object_roles ... ok
test compile::tests::rejects_bad_affinity_kinds ... ok
test compile::tests::rejects_career_numbers_off_their_scales ... ok
test compile::tests::rejects_chains_whose_hands_do_not_add_up ... ok
test compile::tests::rejects_circadian_points_that_do_not_strictly_ascend ... ok
test compile::tests::rejects_duplicate_interaction_ids_within_one_object ... ok
test compile::tests::rejects_duplicate_object_ids ... ok
test compile::tests::rejects_each_missing_front_door_sprite_by_role ... ok
test compile::tests::rejects_empty_repeated_and_unknown_working_days ... ok
test compile::tests::rejects_exhaustion_knobs_outside_their_ranges ... ok
test compile::tests::rejects_incomplete_and_unknown_chain_step_visuals ... ok
test compile::tests::rejects_incomplete_and_unknown_object_visuals ... ok
test compile::tests::rejects_invalid_action_sockets_and_cross_object_lookup ... ok
test compile::tests::rejects_malformed_chain_steps ... ok
test compile::tests::rejects_missing_mixed_cross_owner_and_surplus_read_fields ... ok
test compile::tests::rejects_malformed_chains ... ok
test compile::tests::rejects_non_finite_numbers_everywhere_a_number_is_authored ... ok
test compile::tests::rejects_social_content_that_breaks_each_rule ... ok
test compile::tests::rejects_two_dispositions_for_one_interaction ... ok
test compile::tests::rejects_two_footprints_that_cover_the_same_tile_but_accepts_two_that_touch ... ok
test compile::tests::rejects_unknown_front_door_facing_and_hinge_names ... ok
test compile::tests::rejects_visual_front_doors_without_one_unambiguous_outward_edge ... ok
test compile::tests::rejects_zero_duration ... ok
test compile::tests::rejects_zero_max_queued_commands ... ok
test compile::tests::rejects_zero_slots ... ok
test compile::tests::rejects_zero_wander_attempts ... ok
test compile::tests::shared_activity_requires_its_own_tag_and_an_ordinary_nonprivate_action ... ok
test compile::tests::skills_reject_two_skills_on_one_tag ... ok
test compile::tests::skill_ladders_must_stay_finite ... ok
test compile::tests::skills_reject_unknown_tags_duplicates_and_bad_numbers ... ok
test compile::tests::socket_bounds_reject_each_axis_independently_and_accept_the_last_fractional_tile ... ok
test compile::tests::socket_facing_rotation_covers_every_source_and_placement_facing ... ok
test compile::tests::sleeping_access_requires_distinct_valid_places_and_shared_capacity ... ok
test compile::tests::starting_satisfaction_offset_rejects_nonfinite_values ... ok
test compile::tests::starting_satisfaction_offset_is_optional_finite_and_bounded ... ok
test compile::tests::the_clipping_line_is_inclusive_at_exactly_the_floor ... ok
test compile::tests::starting_satisfaction_offset_rejects_out_of_range_values ... ok
test compile::tests::the_reachability_check_uses_four_way_movement_like_the_simulation_does ... ok
test compile::tests::the_first_colourway_is_the_art_as_drawn ... ok
test compile::tests::the_shipped_lot_satisfies_every_footprint_rule ... ok
test compile::tests::the_sim_sprite_resolves_to_its_own_position_in_the_atlas ... ok
test compile::tests::toilet_visual_requires_a_declared_object_socket ... ok
test compile::tests::tuning_error_messages_name_the_offending_knob ... ok
test compile::tests::validates_the_affinity_lines ... ok
test compile::tests::the_yard_and_street_looks_have_a_colourways_ranges ... ok
test compile::tests::validates_the_daylight_knobs ... ok
test compile::tests::validates_the_floor_coverings ... ok
test compile::tests::validates_the_housemate_limits ... ok
test compile::tests::validates_the_exact_visual_contract_matrix ... ok
test compile::tests::validates_the_resale_fraction_range ... ok
test compile::tests::validates_wander_radius_bounds ... ok
test compile::tests::wall_edge_accepts_first_and_last_interior_boundaries ... ok
test compile::tests::wall_edge_blocks_interaction_approaches_even_when_floor_is_walkable ... ok
test compile::tests::wall_edge_checks_the_south_approach_even_when_other_sides_are_reachable ... ok
test compile::tests::wall_edge_compilation_preserves_axis_coordinates_doorways_and_order ... ok
test compile::tests::wall_edge_omitted_doorway_is_solid ... ok
test compile::tests::wall_edge_rejects_duplicate_and_conflicting_segments ... ok
test compile::tests::wall_edge_rejects_mixed_legacy_architecture ... ok
test compile::tests::wall_edge_rejects_footprint_spanning_solid_but_allows_doorway ... ok
test compile::tests::wall_edge_rejects_out_of_bounds_on_both_axes ... ok
test compile::tests::wall_edge_sealed_room_rejects_household_spawn ... ok
test compile::tests::wall_edge_sealed_room_rejects_approaches_and_front_door ... ok
test compile::tests::zero_is_a_legal_decay_rate_and_a_legal_advert ... ok
test compile::tests::zero_max_queued_intents_means_unlimited ... ok
test need_tuning::partial_washing_cannot_erase_odor_and_contextual_rates_are_bounded ... ok
test pack::shipped_need_rewards_have_a_physical_or_entertaining_cause ... ok
test pack::shipped_shared_activity_metadata_covers_parallel_reading_and_exercise ... ok
test pack::contextual_balance_values_do_not_change_the_save_contract ... ok
test pack::tests::a_chain_step_visual_has_stable_postcard_bytes ... ok
test pack::tests::a_directional_base_rotates_geometry_only_by_the_relative_turn ... ok
test pack::tests::a_facing_is_supported_only_with_its_sprite_and_its_foreground_layer ... ok
test pack::tests::a_facing_table_reads_back_the_slot_for_each_facing ... ok
test pack::tests::a_need_is_served_only_by_a_positive_delta_from_any_source ... ok
test pack::tests::a_socket_facing_turns_with_its_object_for_every_source_and_facing ... ok
test pack::tests::a_pack_round_trips_through_postcard ... ok
test pack::tests::an_object_serves_its_own_needs_and_those_of_every_chain_it_stands_in ... ok
test pack::tests::affinity_kind_of_finds_the_kind_listing_an_object ... ok
test pack::tests::find_and_object_round_trip_for_every_declared_object ... ok
test pack::tests::an_object_serves_the_needs_of_a_chain_it_offers ... ok
test pack::tests::is_wall_matches_both_coordinates_of_a_declared_wall ... ok
test pack::tests::object_action_visuals_append_after_existing_action_discriminants ... ok
test pack::tests::read_visuals_keep_existing_enum_discriminants_and_socket_slot ... ok
test pack::tests::sockets_resolve_about_the_centre_of_the_oriented_rectangle ... ok
test pack::tests::the_next_supported_facing_skips_facings_with_no_art_and_wraps ... ok
test pack::tests::works_on_reads_the_monday_first_mask ... ok
test pack::tests::works_on_refuses_a_weekday_past_sunday ... ok
test pack::tests::the_appended_tuning_knobs_keep_their_slots ... ok
test relationship_tuning::tests::relationship_tuning_rejects_nonfinite_rates_invalid_probabilities_and_unbounded_waits ... ok
test schema::tests::a_career_without_working_days_does_not_parse ... ok
test schema::tests::a_half_declared_footprint_is_a_parse_error_rather_than_half_a_default ... ok
test schema::tests::a_lot_may_declare_no_walls_and_no_placements ... ok
test published_pack_wire::authentic_2f_pack_decodes_and_reencodes_exactly ... ok
test schema::tests::a_lot_without_a_size_is_a_parse_error_rather_than_a_zero_lot ... ok
test schema::tests::action_sockets_and_visual_socket_references_parse_without_changing_old_objects ... ok
test schema::tests::advert_iteration_is_sorted_not_hash_ordered ... ok
test schema::tests::an_archetype_may_say_nothing_beyond_its_id ... ok
test schema::tests::an_interaction_label_defaults_to_absent_and_is_kept_verbatim_when_declared ... ok
test schema::tests::an_object_footprint_defaults_to_one_tile_and_is_read_unswapped_when_declared ... ok
test schema::tests::an_object_may_declare_no_interactions ... ok
test schema::tests::decay_iteration_is_sorted_not_hash_ordered ... ok
test schema::tests::parses_a_household_and_an_empty_one ... ok
test schema::tests::parses_a_lot_with_walls_and_placements ... ok
test schema::tests::parses_a_needs_file ... ok
test schema::tests::parses_a_tuning_file ... ok
test schema::tests::parses_affinity_kinds_in_file_order ... ok
test schema::tests::parses_an_archetype_with_sparse_maps_and_dispositions ... ok
test schema::tests::parses_an_object_with_a_sparse_advert ... ok
test tests::a_save_from_before_the_trait_library_loads_only_into_the_reviewed_shape ... ok
test tests::authored_activities_do_not_invalidate_saved_content_references ... ok
test tests::base_direction_changes_close_public_bridges ... ok
test tests::bedroom_storage_faces_open_room_space_without_moving ... ok
test tests::capabilities_no_longer_carry_a_learning_rate ... ok
test tests::changing_either_new_interaction_closes_every_old_fingerprint_bridge ... ok
test tests::decorative_chairs_face_their_table_and_desk ... ok
test tests::decorative_models_remain_inert_and_functional_objects_keep_actions ... ok
test tests::desk_working_face_matches_the_chair_without_moving_its_footprint ... ok
test tests::every_declared_need_can_be_satisfied_by_some_interaction ... ok
test tests::every_declared_object_is_placed_on_the_lot ... ok
test tests::every_household_member_keeps_their_first_trait_and_wears_three_or_four ... ok
test tests::every_need_has_a_finite_decay_rate ... ok
test tests::every_public_full_pack_fingerprint_migrates_only_to_the_reviewed_shape ... ok
test tests::every_shipped_archetype_is_distinct_and_none_is_secretly_neutral ... ok
test tests::every_shipped_object_draws_as_a_different_sprite ... ok
test tests::every_shipped_personality_says_what_it_is_like ... ok
test tests::every_shipped_sim_arrives_wanting_something_different ... ok
test tests::every_shipped_trait_says_what_it_does_in_one_sentence ... ok
test tests::facing_digest_targets_are_pinned ... ok
test tests::frozen_interaction_fixture_has_distinct_durations_and_deltas ... ok
test tests::integrated_meal_and_sleeping_digest_has_only_the_reviewed_current_recipe_bridge ... ok
test tests::interaction_id_lengths_are_part_of_the_fingerprint ... ok
test tests::removing_the_appended_traits_reproduces_the_previous_public_digest ... ok
test tests::sleeping_access_bridges_are_exact_and_keep_migration_classification ... ok
test tests::sleeping_place_geometry_rotates_from_the_authored_base ... ok
test tests::the_couch_trait_covers_every_sofa_and_armchair ... ok
test tests::the_embedded_pack_deserialises_and_holds_the_fridge ... ok
test tests::the_fingerprint_allows_chain_step_visual_presentation_changes ... ok
test tests::the_fingerprint_allows_foreground_sprite_presentation_changes ... ok
test tests::the_fingerprint_allows_names_art_balance_and_string_table_reordering ... ok
test tests::the_fingerprint_allows_object_and_chain_sound_presentation_changes ... ok
test tests::the_fingerprint_allows_object_visual_presentation_changes ... ok
test tests::the_fingerprint_allows_portal_presentation_changes ... ok
test tests::the_fingerprint_allows_reading_socket_presentation_changes ... ok
test tests::the_fingerprint_allows_visual_presentation_changes ... ok
test tests::the_fingerprint_observes_chain_flyout_and_step_meaning ... ok
test tests::the_fingerprint_observes_footprints_and_trait_state_kind ... ok
test tests::the_fingerprint_observes_numeric_interaction_and_social_rows ... ok
test tests::the_fingerprint_observes_portal_identity_and_return_landing ... ok
test tests::the_fingerprint_observes_the_voice_library ... ok
test tests::the_pack_is_the_same_instance_every_call ... ok
test tests::the_pre_portal_shape_migrates_only_to_the_reviewed_landing ... ok
test tests::the_prior_structural_shape_migrates_without_becoming_a_legacy_name_save ... ok
test tests::the_shipped_affinity_tuning_matches_the_spec ... ok
test tests::the_shipped_armchair_carries_the_exact_sitting_contract ... ok
test tests::the_shipped_bookshelf_uses_standing_read_without_changing_the_fingerprint ... ok
test tests::the_shipped_bunk_carries_the_exact_lower_bunk_sleep_contract ... ok
test tests::the_shipped_calendar_content_matches_the_spec ... ok
test tests::the_shipped_chat_duration_still_matches_the_shipped_clips ... ok
test tests::the_shipped_fridge_faces_into_the_room_with_the_kitchen_run ... ok
test tests::the_shipped_front_door_carries_its_boundary_and_side_entry_contract ... ok
test tests::the_shipped_household_is_three_sims_on_three_different_archetypes ... ok
test tests::the_shipped_lot_places_every_object_inside_the_lot_and_off_the_walls ... ok
test tests::the_shipped_lot_stands_at_least_twenty_five_objects_in_the_house ... ok
test tests::the_shipped_overdoing_tuning_matches_the_spec ... ok
test tests::the_shipped_pack_carries_a_multi_need_advert_and_a_negative_one ... ok
test tests::the_shipped_pack_carries_a_voice_library_that_can_make_a_pair ... ok
test tests::the_shipped_pack_carries_the_authored_tuning ... ok
test tests::the_shipped_pack_carries_the_dinner_chain ... ok
test tests::the_shipped_pack_carries_the_exact_bike_and_aquarium_contracts ... ok
test tests::the_shipped_pack_declares_every_object_the_design_calls_for ... ok
test tests::the_shipped_pack_gives_sims_a_way_to_talk ... ok
test tests::the_shipped_pack_has_four_affinity_kinds ... ok
test tests::the_shipped_pack_offers_colourways_starting_with_the_art_as_drawn ... ok
test tests::the_shipped_skills_cover_the_three_capability_tags_in_a_fixed_order ... ok
test tests::the_shipped_sleep_tag_is_a_tag_the_shipped_objects_declare ... ok
test schema::tests::every_tuning_knob_is_required_rather_than_defaulted ... ok
test tests::the_shipped_trait_library_holds_fifteen_traits_in_a_fixed_order ... ok
test tests::the_shipped_toilet_declares_presentation_only_seat_metadata ... ok
test tests::the_trait_library_numbers_are_pairwise_distinct ... ok
test tests::the_trait_library_digest_is_pinned ... ok
test tests::the_unpublished_old_bathtub_portal_checkpoint_is_not_a_save_bridge ... ok

test result: ok. 314 passed; 0 failed; 0 ignored; 0 measured; 0 filtered out; finished in 0.07s

     Running tests\bathroom_layout.rs (target\debug\deps\bathroom_layout-72b767ac6158c265.exe)

running 1 test
test bathtub_quarter_turn_matches_its_collision_rectangle ... ok

test result: ok. 1 passed; 0 failed; 0 ignored; 0 measured; 0 filtered out; finished in 0.00s

     Running tests\book_content.rs (target\debug\deps\book_content-2e70c8ed836a3647.exe)

running 5 tests
test legacy_objects_default_to_exclusive_actions_and_no_owned_book_requirement ... ok
test reading_tuning_rejects_nonfinite_out_of_range_and_zero_inputs ... ok
test reusable_actions_accept_explicit_book_and_seat_contracts ... ok
test shipped_catalogue_has_six_genres_and_eight_books_at_each_length_and_price ... ok
test malformed_catalogue_rejects_duplicates_blank_copy_unknown_genres_and_zero_values ... ok

test result: ok. 5 passed; 0 failed; 0 ignored; 0 measured; 0 filtered out; finished in 0.00s

     Running tests\content_hierarchy.rs (target\debug\deps\content_hierarchy-602ea9a1e3100e4e.exe)

running 21 tests
test every_resolved_sitting_or_reclining_action_has_no_passive_fun ... ok
test every_shipped_model_has_classification_and_physical_seats_are_separate_from_action_slots ... ok
test canonical_type_is_the_only_hierarchical_presentation_authority ... ok
test hierarchy_sources_accept_models_without_legacy_objects ... ok
test hygiene_shower_model_resolves_values_order_and_final_duration_rounding ... ok
test inherited_action_removal_and_model_only_action_keep_survivor_order ... ok
test invalid_unused_definitions_cannot_hide_until_a_model_uses_them ... ok
test malformed_layers_are_rejected_with_author_context ... ok
test hierarchy_results_still_pass_existing_action_validation ... ok
test model_metadata_and_seats_survive_pack_serialization ... ok
test review_legacy_objects_cannot_author_resolved_classification_metadata ... ok
test review_optional_satisfaction_can_remove_an_inherited_reward ... ok
test review_partial_templates_keep_model_dependent_socket_validation_at_final_resolution ... ok
test malformed_physical_seats_fail_content_compilation ... ok
test seat_comfort_inherits_category_type_and_model_operations ... ok
test shelf_access_is_inherited_validated_and_rotates_from_base_facing ... ok
test shipped_migration_scopes_retirement_balance_and_seating_changes ... ok
test template_durations_are_not_rounded_or_range_checked_before_inheritance ... ok
test unknown_operations_and_multiple_parent_fields_are_parse_errors ... ok
test unrelated_types_share_templates_without_sharing_categories ... ok
test review_unused_action_layers_reject_unknown_semantic_references ... ok

test result: ok. 21 passed; 0 failed; 0 ignored; 0 measured; 0 filtered out; finished in 2.85s

     Running tests\inherited_runtime.rs (target\debug\deps\inherited_runtime-fcab9b62bb478e57.exe)

running 3 tests
test inherited_runtime_fixture_compiles_real_model_actions_and_rounding ... ok
test inherited_runtime_rejects_external_admission_stages_even_in_unused_templates ... ok
test inherited_runtime_rejects_unknown_unused_bindings_and_incompatible_models ... ok

test result: ok. 3 passed; 0 failed; 0 ignored; 0 measured; 0 filtered out; finished in 0.53s

   Doc-tests terri_data

running 0 tests

test result: ok. 0 passed; 0 failed; 0 ignored; 0 measured; 0 filtered out; finished in 0.00s

