   Compiling terri-data v0.1.0 (D:\VIBES\.worktrees\f24d\terrilives\crates\terri-data)
   Compiling terri-sim v0.1.0 (D:\VIBES\.worktrees\f24d\terrilives\crates\terri-sim)
   Compiling terri-wasm v0.1.0 (D:\VIBES\.worktrees\f24d\terrilives\crates\terri-wasm)
    Finished `test` profile [unoptimized + debuginfo] target(s) in 15.84s
     Running unittests src\lib.rs (target\debug\deps\terri_wasm-dd3bb79986d069a6.exe)

running 260 tests
test affinity_boundary_tests::affinity_labels_follow_pack_order ... ok
test affinity_boundary_tests::affinity_words_of_words_each_persons_stored_values_in_kind_order ... ok
test bed_assignment_tests::assignment_boundary_validates_numbers_and_reports_only_after_the_drain ... ok
test bed_assignment_tests::bed_projection_is_read_only_sorted_and_distinguishes_absence_from_no_beds ... ok
test affinity_boundary_tests::affinity_words_of_rejects_non_people_in_release ... ok
test book_tests::book_boundary_commands_query_and_pending_round_trip ... ok
test book_tests::book_boundary_current_v6_does_not_migrate_missing_optional_instinct_or_consume_rng ... ok
test book_tests::book_boundary_all_frozen_envelopes_refuse_each_new_command_with_valid_controls ... ok
test book_tests::book_boundary_pending_deferred_refusals_survive_save_load ... ok
test book_tests::book_boundary_legacy_notice_is_only_for_successful_historical_import ... ok
test book_tests::book_boundary_rejects_fractional_nonfinite_negative_and_wrapping_references ... ok
test book_tests::book_boundary_shelf_masks_cover_slot_31_and_32_without_truncating_capacity ... ok
test book_tests::book_boundary_store_estimate_is_pure_without_furniture_context ... ok
test book_tests::book_boundary_real_reading_stage_transport_and_progress_columns_round_trip ... ok
test boundary_tests::a_colourway_is_staged_reported_and_read_through_the_boundary ... ok
test boundary_tests::a_directed_sim_overrides_what_it_would_have_chosen_for_itself ... ok
test book_tests::book_fix1_inflated_positive_midread_earnings_reject_with_bytes_hash_rng_unchanged ... ok
test boundary_tests::a_floor_covering_crosses_the_boundary ... ok
test boundary_tests::a_family_tie_crosses_the_boundary ... ok
test boundary_tests::a_front_placement_onto_a_full_queue_reports_a_displacement_not_a_rejection ... ok
test boundary_tests::a_floor_naming_an_unknown_covering_drops_that_tile_only ... ok
test boundary_tests::a_glazed_house_still_refuses_a_spawn_onto_a_blocked_tile ... ok
test boundary_tests::a_move_in_is_staged_through_the_boundary ... ok
test boundary_tests::a_need_level_from_js_cannot_alias_the_world_hash_no_needs_sentinel ... ok
test boundary_tests::a_new_household_wears_the_library_and_the_trait_reads_align ... ok
test boundary_tests::a_legacy_fingerprint_crosses_the_public_byte_loader_and_migrates_names ... ok
test boundary_tests::a_painted_house_saves_loads_and_digests ... ok
test boundary_tests::a_purchase_crosses_the_boundary_and_the_renderer_sees_it ... ok
test boundary_tests::a_purchase_in_a_colourway_is_staged_through_the_boundary ... ok
test boundary_tests::a_sale_is_previewed_staged_and_reported_through_the_boundary ... ok
test boundary_tests::a_room_crosses_the_boundary_and_the_renderer_sees_it ... ok
test boundary_tests::a_wall_edit_crosses_the_boundary_and_the_renderer_sees_it ... ok
test boundary_tests::a_well_formed_command_reaches_the_simulation ... ok
test boundary_tests::a_window_crosses_the_boundary_and_stops_a_sim ... ok
test boundary_tests::activities_ptr_addresses_the_activity_column ... ok
test boundary_tests::activities_ptr_carries_authored_handwashing_without_an_eating_alias ... ok
test boundary_tests::a_save_written_before_sleep_pressure_still_loads ... ok
test boundary_tests::actual_pre_builder_saves_keep_work_and_return_crossing_state ... ok
test boundary_tests::actual_previous_main_schema2_save_gains_the_portal_without_rewriting_its_layout ... ok
test boundary_tests::actual_pre_trait_library_saves_load_with_exactly_their_saved_traits ... ok
test boundary_tests::an_actual_save_from_before_the_yard_grows_into_it ... ok
test boundary_tests::an_empty_custom_handle_does_not_export_the_shipped_portal ... ok
test boundary_tests::an_incompatible_content_fingerprint_is_rejected_at_the_wasm_boundary ... ok
test boundary_tests::actual_prior_browser_save_survives_the_bathtub_rotation ... ok
test boundary_tests::an_interaction_index_the_object_does_not_have_is_dropped_rather_than_clamped_or_trapping ... ok
test boundary_tests::carrying_ptr_addresses_the_carrying_column ... ok
test boundary_tests::clock_accessors_report_the_tick_and_authored_day_length ... ok
test boundary_tests::colourways_ptr_addresses_the_column_after_growth ... ok
test boundary_tests::conversation_identity_columns_survive_load_and_render_growth ... ok
test boundary_tests::custom_v1_snapshot_keeps_its_frozen_legacy_wall_export_when_resaved_as_v2 ... ok
test boundary_tests::edge_mode_spawn_rejects_blocked_agents_and_wall_spanning_objects_before_save ... ok
test boundary_tests::every_reported_wall_is_actually_impassable ... ok
test boundary_tests::existing_render_accessors_preserve_loaded_aquarium_and_bike_after_all_columns_grow ... ok
test boundary_tests::existing_render_accessors_preserve_loaded_reading_after_all_columns_grow ... ok
test boundary_tests::existing_render_accessors_preserve_loaded_standing_reading_after_all_columns_grow ... ok
test boundary_tests::facings_ptr_addresses_opposite_lot_axis_facings ... ok
test boundary_tests::flush_commands_applies_input_without_advancing_the_world ... ok
test boundary_tests::flush_commands_preserves_an_in_flight_interpolation_pair ... ok
test boundary_tests::flush_commands_refreshes_activity_metadata_without_a_tick ... ok
test boundary_tests::footprint_ptrs_address_distinct_content_derived_row_columns ... ok
test boundary_tests::foreground_sprites_ptr_addresses_the_optional_layer_after_growth ... ok
test boundary_tests::from_lot_hands_javascript_the_shipped_objects_without_a_tick_first ... ok
test boundary_tests::front_placed_orders_cross_the_boundary_and_land_ahead_of_appended_ones ... ok
test boundary_tests::hostile_purchase_numbers_are_refused_before_they_reach_the_simulation ... ok
test boundary_tests::hostile_room_numbers_are_refused_before_they_reach_the_simulation ... ok
test boundary_tests::hostile_wall_edit_numbers_are_refused_before_they_reach_the_simulation ... ok
test boundary_tests::ids_ptr_addresses_the_id_column_and_not_a_sibling_u32_column ... ok
test boundary_tests::interaction_labels_are_empty_for_anything_that_is_not_a_smart_object ... ok
test boundary_tests::interaction_labels_report_the_named_objects_own_interactions ... ok
test boundary_tests::interaction_targets_ptr_addresses_exact_entity_after_growth_and_cancel ... ok
test boundary_tests::kinds_ptr_addresses_the_entity_kind_tags ... ok
test boundary_tests::legacy_repair_never_completes_a_truncated_sleep_pressure_record ... ok
test boundary_tests::legacy_spawn_keeps_finite_off_lot_coordinates_and_does_not_gain_edge_restrictions ... ok
test boundary_tests::lot_width_and_lot_height_report_the_lot_in_that_order ... ok
test boundary_tests::malformed_command_bytes_are_rejected_rather_than_trapping_the_module ... ok
test boundary_tests::bad_save_bytes_are_rejected_without_mutating_the_running_handle ... ok
test boundary_tests::mood_boundary_keeps_scores_and_labels_aligned_in_causal_order ... ok
test boundary_tests::mood_boundary_preserves_exact_need_thresholds_and_empty_absence ... ok
test boundary_tests::need_bar_refresh_ms_reports_the_authored_knob_rather_than_a_constant ... ok
test boundary_tests::need_max_is_the_level_a_satisfied_need_actually_reaches ... ok
test boundary_tests::need_names_label_the_slots_needs_of_returns_in_the_same_order ... ok
test boundary_tests::needs_of_reports_the_seven_levels_of_the_entity_the_index_names ... ok
test boundary_tests::needs_of_returns_an_empty_array_for_an_index_with_no_needs_to_report ... ok
test boundary_tests::no_object_footprint_tile_is_reported_as_a_wall ... ok
test boundary_tests::object_identity_reaches_menu_and_catalogue_without_changing_saves ... ok
test boundary_tests::object_name_reports_authored_furniture_names_only ... ok
test boundary_tests::paused_flush_reports_exactly_the_order_past_the_cap_rejected_by_the_simulation ... ok
test boundary_tests::portal_exports_address_the_shipped_portal_in_closed_opening_and_open_states ... ok
test boundary_tests::positions_ptr_addresses_the_current_frame_coordinates ... ok
test boundary_tests::prev_positions_ptr_addresses_the_frame_before_the_last_sync ... ok
test boundary_tests::meal_tables_ptr_keeps_support_distinct_from_chair_after_growth_and_cancel ... ok
test boundary_tests::rotated_bathtub_loads_public_v1_bytes_and_resaves_idempotently ... ok
test boundary_tests::save_bytes_round_trip_and_continue_the_running_sim ... ok
test boundary_tests::save_encoding_is_pinned_by_a_golden_byte_vector ... ok
test boundary_tests::save_length_limits_include_both_boundaries_and_exclude_their_neighbours ... ok
test boundary_tests::selected_index_tracks_the_selection_the_simulation_holds ... ok
test boundary_tests::shipped_edge_export_pins_all_62_segments_and_symmetric_collision ... ok
test boundary_tests::shyness_save_tail_preserves_values_and_accepts_the_previous_v5_shape ... ok
test boundary_tests::sim_ids_ptr_addresses_stable_identity_and_not_entity_ids ... ok
test boundary_tests::sim_name_reports_household_names_and_nothing_for_anything_else ... ok
test boundary_tests::sleeping_place_pointers_keep_both_columns_aligned_after_growth_and_clear ... ok
test boundary_tests::social_labels_reports_the_shipped_vocabulary_in_index_order ... ok
test boundary_tests::sound_pointers_address_loaded_authored_action_after_growth ... ok
test boundary_tests::spawn_agent_clamps_hunger_down_to_the_need_ceiling ... ok
test boundary_tests::spawn_agent_clamps_hunger_up_to_the_need_floor ... ok
test boundary_tests::spawn_agent_leaves_an_in_range_hunger_untouched ... ok
test boundary_tests::spawn_agent_replaces_non_finite_coordinates_with_finite_ones ... ok
test boundary_tests::spawn_agent_replaces_non_finite_hunger_with_a_finite_level ... ok
test boundary_tests::spawn_leaves_finite_coordinates_untouched ... ok
test boundary_tests::spawn_object_replaces_non_finite_coordinates_with_finite_ones ... ok
test boundary_tests::spawning_an_unknown_content_id_is_rejected_rather_than_panicking ... ok
test boundary_tests::sprites_ptr_addresses_the_content_resolved_atlas_indices ... ok
test boundary_tests::the_career_and_trait_reads_cross_the_boundary ... ok
test boundary_tests::the_catalogue_lists_every_priced_object_and_nothing_else ... ok
test boundary_tests::the_chain_status_reads_cross_the_boundary ... ok
test boundary_tests::the_daylight_tuning_crosses_the_boundary ... ok
test boundary_tests::the_debug_trio_reports_identity_personality_and_feelings ... ok
test boundary_tests::the_front_door_line_crosses_the_boundary ... ok
test boundary_tests::the_house_and_its_yard_reach_the_shell ... ok
test boundary_tests::the_prior_structural_fingerprint_crosses_the_public_byte_loader_without_renaming ... ok
test boundary_tests::the_staging_queue_is_capped_at_the_tuned_depth_rather_than_growing_without_bound ... ok
test boundary_tests::the_stall_reads_cross_the_boundary ... ok
test boundary_tests::the_voice_library_and_columns_reach_the_boundary ... ok
test boundary_tests::tick_advances_the_world_clock ... ok
test boundary_tests::tick_refreshes_the_render_buffer ... ok
test boundary_tests::v2_never_pads_a_truncated_payload_or_accepts_trailing_bytes_or_a_v1_body ... ok
test boundary_tests::v2_public_loader_restores_custom_edges_and_empty_layout_without_current_house_walls ... ok
test boundary_tests::visual_actions_ptr_addresses_the_authored_action_column_after_growth ... ok
test boundary_tests::walk_action_and_facing_cross_existing_columns_after_paused_load_and_growth ... ok
test boundary_tests::wall_tiles_reports_explicit_legacy_geometry_instead_of_current_content ... ok
test browser_books::tests::browser_books_capacity_postcard_witness ... FAILED
test browser_books::tests::browser_books_death_capture_preserves_copy_for_living_household_recovery ... ok
test browser_books::tests::browser_books_facts_and_shared_unplaced_benefits_are_read_only ... ok
test browser_books::tests::browser_books_owned_reading_projection_fixtures ... ok
test browser_books::tests::browser_books_postcard_witnesses ... ok
test browser_books::tests::browser_books_restored_pending_commands_have_an_explicit_barrier ... ok
test browser_books::tests::browser_recipe_station_facts_use_admission_without_changing_saved_roles ... FAILED
test calendar_boundary_tests::career_schedule_of_rejects_a_dead_workers_retired_index_in_release ... ok
test calendar_boundary_tests::career_schedule_of_rejects_non_people_in_release ... ok
test calendar_boundary_tests::career_schedule_of_reports_working_days_and_hours ... ok
test calendar_boundary_tests::weekday_index_applies_the_tuning_offset ... ok
test calendar_boundary_tests::weekday_index_reaches_sunday_and_wraps_to_monday ... ok
test calendar_boundary_tests::weekday_index_starts_on_monday_and_turns_over_with_the_day ... ok
test inherited_runtime_tests::inherited_runtime_autonomy_scores_resolved_values_not_recipe_defaults ... ok
test boundary_tests::real_saved_shifts_finish_as_they_started_and_the_next_goes_to_the_street ... ok
test inherited_runtime_tests::inherited_runtime_current_origins_reject_transactionally ... ok
test inherited_runtime_tests::inherited_runtime_death_releases_selected_appliance_origin ... ok
test inherited_runtime_tests::inherited_runtime_directed_recipe_keeps_its_source_until_order_completion ... ok
test inherited_runtime_tests::inherited_runtime_fixture_collision_is_required_for_sale_validation ... ok
test inherited_runtime_tests::inherited_runtime_media_requires_gameplay_semantics_and_restores_seats ... ok
test inherited_runtime_tests::inherited_runtime_origin_outlives_sold_fridge_and_survives_preemption ... ok
test inherited_runtime_tests::inherited_runtime_origin_owner_requires_a_living_agent ... ok
test inherited_runtime_tests::inherited_runtime_public_recipe_values_origin_and_final_v6 ... FAILED
test inherited_runtime_tests::inherited_runtime_published_blocked_and_suspended_initial_use_migrates_explicitly ... ok
test inherited_runtime_tests::inherited_runtime_published_sink_row_one_maps_to_current_bound_action ... ok
test inherited_runtime_tests::inherited_runtime_removed_actions_do_not_appear_from_station_role ... ok
test inherited_runtime_tests::inherited_runtime_second_sink_keeps_selected_washing_stage_and_variable_work ... ok
test inherited_runtime_tests::inherited_runtime_selected_fridge_is_visited_before_nearer_competitor ... ok
test instinct_boundary_tests::a_queued_edit_round_trips_through_save_bytes_and_applies_after_load ... ok
test instinct_boundary_tests::a_whitespace_padded_edit_is_queued_trimmed_so_a_save_before_the_drain_loads ... ok
test instinct_boundary_tests::a_whitespace_padded_move_in_is_queued_trimmed_so_a_save_before_the_drain_loads ... ok
test instinct_boundary_tests::edit_boundary_rejects_hostile_numbers_in_release ... ok
test instinct_boundary_tests::edit_boundary_stages_an_edit_and_reports_its_numbered_answer ... ok
test instinct_boundary_tests::published_domestic_tail_without_dining_loads_and_nested_dining_truncation_rejects ... ok
test instinct_boundary_tests::raw_edit_bytes_are_bounds_checked_at_enqueue ... ok
test instinct_boundary_tests::raw_housemate_names_are_held_to_the_saved_text_byte_limit ... ok
test instinct_boundary_tests::self_preservation_appended_tail_loads_old_v5_and_refuses_truncated_rows ... ok
test instinct_boundary_tests::self_preservation_boundary_rejects_nonintegers_and_outside_range ... ok
test instinct_boundary_tests::self_preservation_debug_spawn_uses_rng_and_refused_spawn_draws_nothing ... ok
test instinct_boundary_tests::self_preservation_seed_halves_and_projection_match_sim ... ok
test placement_tests::lot_revision_changes_only_after_a_committed_move ... ok
test placement_tests::object_facing_mask_reports_each_supported_wire_bit ... ok
test placement_tests::placement_boundary_preserves_appended_wire_code_and_pending_save_replay ... ok
test placement_tests::placement_boundary_rejects_hostile_numbers_before_coercion_in_release ... ok
test placement_tests::placement_boundary_reports_refusal_separately_from_queue_acceptance ... ok
test placement_tests::placement_preview_distinguishes_absent_and_present_foreground_layers ... ok
test save_before_voice_tests::actual_pre_voice_save_loads_all_people_and_resaves_with_replay_preserved ... ok
test save_before_voice_tests::pre_voice_decoder_accepts_complete_rows_with_a_present_empty_tail ... ok
test save_before_voice_tests::pre_voice_decoder_rejects_truncation_trailing_bytes_and_unknown_fingerprints ... ok
test save_before_voice_tests::pre_voice_padding_never_completes_a_truncated_nonempty_sleep_pressure_list ... ok
test save_before_voice_tests::pre_voice_wire_shape_is_exactly_the_source_shape_with_only_the_missing_empty_tail ... ok
test save_v3_tests::a_cut_inside_a_two_byte_length_is_not_padded_into_an_empty_list ... ok
test save_v3_tests::a_cut_inside_the_last_tie_or_tile_is_not_padded_into_one ... ok
test save_v3_tests::a_save_that_keyed_ties_on_entity_indices_loads_them_as_sim_ids ... ok
test save_v3_tests::a_save_whose_ties_cannot_be_true_is_refused ... ok
test save_v3_tests::an_edit_of_a_loaded_historical_save_survives_save_load_and_replays ... ok
test save_v3_tests::bed_era_prefix_preserves_nonempty_places_paths_and_sleep_countdowns ... ok
test save_v3_tests::boundary_length_and_record_truncations_cannot_invent_decisions ... ok
test save_v3_tests::chronotype_v5_rejects_every_partial_tail_and_noncanonical_length_atomically ... ok
test save_v3_tests::chronotype_v5_rejects_invalid_complete_rows_without_changing_the_live_world ... ok
test save_v3_tests::chronotype_v5_roundtrips_exact_signed_offsets_and_legacy_defaults ... ok
test save_v3_tests::current_rotated_geometry_and_ordered_pending_commands_survive_the_public_envelope ... ok
test save_v3_tests::decode_pads_the_affinities_list ... ok
test save_v3_tests::every_historical_fixture_loads_and_seeds_practice_once ... ok
test save_v3_tests::grouped_sleeping_places_rejects_explicit_none_and_every_interior_cut ... ok
test save_v3_tests::independent_bed_release_wasm_saves_preserve_claims_and_pending_command_19 ... ok
test save_v3_tests::mortality_length_truncation_cannot_invent_an_empty_count_list ... ok
test save_v3_tests::optional_group_multibyte_cuts_and_frozen_bed_none_fail_closed ... ok
test save_v3_tests::overdone_habituation_loads_through_the_public_boundary ... ok
test save_v3_tests::pre_default_change_preserves_nonempty_mortality_and_enables_death ... ok
test save_v3_tests::pre_mortality_save_preserves_nonempty_floors_and_family ... ok
test inherited_runtime_tests::inherited_runtime_cooking_front_is_shared_rotated_and_wall_aware ... ok
test save_v3_tests::public_main_meal_preserves_personality_tail_and_migrates_recipe_counter ... ok
test save_v3_tests::published_v5_instinct_and_chronotype_prefix_survives_privacy_extension ... ok
test save_v3_tests::real_pre_meal_bytes_preserve_in_flight_snack_and_map_the_old_dinner_counter ... ok
test save_v3_tests::published_domestic_prefix_preserves_nonempty_state_and_current_recipe_step ... ok
test save_v3_tests::shyness_length_and_record_truncations_cannot_invent_stats ... ok
test save_v3_tests::skills_tail_loads_whole_absent_and_refuses_every_partial_row ... ok
test save_v3_tests::v3_bad_facing_rows_and_layout_are_refused_before_live_replacement ... ok
test save_v3_tests::v3_required_tail_rejects_every_truncation_trailing_data_and_a_v2_body ... ok
test save_v3_tests::v4_required_tail_rejects_every_truncation_and_trailing_data ... ok
test save_v3_tests::v5_required_tail_rejects_every_truncation_and_trailing_data ... ok
test save_v3_tests::waiting_length_truncation_cannot_invent_an_empty_list ... ok
test save_v6_tests::authentic_v5_households_migrate_once_without_charges_or_rng_draws ... ok
test save_v6_tests::commands_twenty_three_through_twenty_nine_roundtrip_in_one_pending_stream ... ok
test save_v3_tests::released_domestic_v5_retains_every_field_without_mapping_meals_twice ... ok
test save_v6_tests::current_v6_rejects_two_readers_on_one_physical_chair ... ok
test save_v6_tests::historical_constructors_match_the_retained_initial_household ... ok
test save_v6_tests::invalid_v6_books_and_mapping_leave_the_complete_live_world_untouched ... ok
test save_v6_tests::pinned_affinity_chore_calendar_v5_saves_preserve_authoritative_state ... ok
test save_v6_tests::pinned_affinity_prefix_preserves_values_and_retires_only_old_false_table_sit ... ok
test save_v6_tests::published_active_recline_retains_its_exact_perimeter_position_and_countdown ... ok
test save_v6_tests::published_v5_rejects_duplicate_exclusive_readers_before_reading_cleanup ... ok
test save_v6_tests::v6_rejects_legacy_markers_without_clearing_existing_bed_assignments ... ok
test sim_details_tests::an_overdone_row_projects_a_full_repetition_through_the_boundary ... ok
test sim_details_tests::details_exports_reject_invalid_numbers_and_do_not_coerce_them_to_a_person ... ok
test sim_details_tests::personal_details_wire_layout_keeps_exact_offsets_and_aligned_repetition_labels ... ok
test save_v6_tests::current_bytes_are_strict_v6 ... ok
test skills_boundary_tests::skill_columns_follow_pack_order_and_align ... ok
test skills_boundary_tests::skills_of_flattens_each_standing_into_level_progress_mastery ... ok
test skills_boundary_tests::skills_of_rejects_non_people_in_release ... ok
test spawn_boundary_tests::spawn_object_accepts_solid_edges_on_each_perimeter_side ... ok
test spawn_boundary_tests::spawn_object_refuses_each_internal_wall_without_changing_world_or_render_buffers ... ok
test table_retirement_tests::table_retirement_frozen_published_contract_preserves_an_active_tv_and_table_waiter ... ok
test table_retirement_tests::table_retirement_public_loader_validates_source_before_removing_retired_records ... ok
test table_retirement_tests::table_retirement_public_v6_preserves_every_unrelated_field_and_order_identity ... ok
test table_retirement_tests::table_retirement_real_published_v5_household_keeps_dining_surface_and_loads_once ... ok
test targeted_cleanup_tests::chore_boundary_rejects_invalid_numbers_without_mutating_saved_state ... ok
test targeted_cleanup_tests::chores_optional_tail_rejects_each_interior_cut_transactionally ... ok
test targeted_cleanup_tests::grime_optional_tail_rejects_every_interior_cut_transactionally ... ok
test targeted_cleanup_tests::raw_chore_profiles_preserve_loadable_paused_saves_at_the_numeric_boundary ... ok
test targeted_cleanup_tests::scoped_cleanup_boundary_rejects_invalid_numbers_and_noncanonical_selections ... ok
test targeted_cleanup_tests::scoped_cleanup_invalid_semantics_cannot_break_a_paused_save ... ok
test targeted_cleanup_tests::scoped_cleanup_optional_tail_rejects_every_interior_cut_transactionally ... ok
test unlimited_queue_tests::hundreds_of_waiting_orders_and_a_front_order_all_survive_save_load ... ok
test upstream_integration_tests::genuine_published_2f_saves_load_and_continue_transactionally ... ok
test upstream_integration_tests::upstream_actual_pre_skills_media_and_dining_leases_migrate_strictly ... ok
test upstream_integration_tests::upstream_constructed_source_admissible_tv_continuation_survives_migration ... ok
test upstream_integration_tests::upstream_migration_clamps_practice_only_against_the_destination_ladder ... ok
test upstream_integration_tests::upstream_pending_edit_and_book_commands_keep_wire_and_stream_order ... ok
test upstream_integration_tests::upstream_pre_skills_published_edits_migrate_and_seed_once ... ok
test upstream_integration_tests::upstream_published_empty_skill_state_is_authoritative ... ok
test upstream_integration_tests::upstream_published_skills_households_migrate_without_losing_practice_or_identity ... ok
test upstream_integration_tests::upstream_skill_era_rejects_unknown_practice_and_current_missing_skill_tail ... ok
test window_boundary_tests::window_bridge_descriptors_catalogue_and_fresh_pending_results ... ok
test window_boundary_tests::window_bridge_invalid_numbers_never_enter_the_queue ... ok
test window_boundary_tests::window_new_records_reject_every_truncation_and_unknown_model_atomically ... ok
test window_boundary_tests::window_raw_overflow_rejection_preserves_result_and_saved_queue ... ok
test window_boundary_tests::window_v2_projection_and_coverings_keep_their_historical_shape ... ok
test skills_boundary_tests::a_spawned_agent_learns_and_its_reload_continues_identically ... ok

failures:

---- browser_books::tests::browser_books_capacity_postcard_witness stdout ----

thread 'browser_books::tests::browser_books_capacity_postcard_witness' (11976) panicked at crates\terri-wasm\src\browser_books.rs:614:13:
assertion `left == right` failed
  left: Some(2)
 right: Some(1)
note: run with `RUST_BACKTRACE=1` environment variable to display a backtrace

---- browser_books::tests::browser_recipe_station_facts_use_admission_without_changing_saved_roles stdout ----

thread 'browser_books::tests::browser_recipe_station_facts_use_admission_without_changing_saved_roles' (64604) panicked at crates\terri-wasm\src\browser_books.rs:212:9:
assertion `left == right` failed
  left: ["dining_seat", "meal_table", "Social requires liked company seated at the meal table"]
 right: ["dining_seat", "meal_table"]

---- inherited_runtime_tests::inherited_runtime_public_recipe_values_origin_and_final_v6 stdout ----

thread 'inherited_runtime_tests::inherited_runtime_public_recipe_values_origin_and_final_v6' (35556) panicked at crates\terri-wasm\src\inherited_runtime_tests.rs:200:13:
fridge/0: Comfort


failures:
    browser_books::tests::browser_books_capacity_postcard_witness
    browser_books::tests::browser_recipe_station_facts_use_admission_without_changing_saved_roles
    inherited_runtime_tests::inherited_runtime_public_recipe_values_origin_and_final_v6

test result: FAILED. 257 passed; 3 failed; 0 ignored; 0 measured; 0 filtered out; finished in 97.25s

error: test failed, to rerun pass `-p terri-wasm --lib`
