✔ newest notes come first and only the latest date starts open (23.8274ms)
✔ legacy anchors reject malformed collections and unsafe identifiers (6.1491ms)
✔ editing, adding and deleting source notes changes the generated page (7.8984ms)
✔ HTML is escaped while bold, code and HTTPS links remain usable (4.7584ms)
✔ literal template markers in a note cannot expand into presentation code (4.0597ms)
✔ invalid notes and empty collections fail instead of silently dropping content (4.1291ms)
✔ wrapped summaries and continued list items preserve their meaning (0.2031ms)
✔ public notes reject development references instead of publishing them (0.1971ms)
✔ same-day notes must be consolidated and former links reach the dated update (4.6097ms)
✔ dark is the default even on a light system; theme choices persist and blocked storage stays usable (2.1251ms)
✔ expand and collapse switch controls and keep keyboard focus; old links open the right update (1.3872ms)
✔ the repository history renders and the CLI writes the same standalone page (76.7343ms)
ℹ tests 12
ℹ suites 0
ℹ pass 12
ℹ fail 0
ℹ cancelled 0
ℹ skipped 0
ℹ todo 0
ℹ duration_ms 208.4751
