
 RUN  v4.1.10 D:/VIBES/.worktrees/gameplay-ui/terrilives/web

 ❯ tests/bridge.test.ts (48 tests | 2 failed) 620ms
     × preserves hundreds of pointer orders and a new front order 15ms
     × preserves hundreds of keyboard orders and a new front order 10ms

⎯⎯⎯⎯⎯⎯⎯ Failed Tests 2 ⎯⎯⎯⎯⎯⎯⎯

 FAIL  tests/bridge.test.ts > SimBridge > preserves hundreds of pointer orders and a new front order
 FAIL  tests/bridge.test.ts > SimBridge > preserves hundreds of keyboard orders and a new front order
AssertionError: expected [ '', …(514) ] to deeply equal [ '', …(3) ]

- Expected
+ Received

  [
    "",
    "Cook dinner: Chill-o-Matic 3000",
    "Grab a snack: Chill-o-Matic 3000",
    "Grab a snack: Chill-o-Matic 3000",
+   "Grab a snack: Chill-o-Matic 3000",
+   "Grab a snack: Chill-o-Matic 3000",
+   "Grab a snack: Chill-o-Matic 3000",
+   "Grab a snack: Chill-o-Matic 3000",
+   "Grab a snack: Chill-o-Matic 3000",
+   "Grab a snack: Chill-o-Matic 3000",
+   "Grab a snack: Chill-o-Matic 3000",
+   "Grab a snack: Chill-o-Matic 3000",
+   "Grab a snack: Chill-o-Matic 3000",
+   "Grab a snack: Chill-o-Matic 3000",
+   "Grab a snack: Chill-o-Matic 3000",
+   "Grab a snack: Chill-o-Matic 3000",
+   "Grab a snack: Chill-o-Matic 3000",
+   "Grab a snack: Chill-o-Matic 3000",
+   "Grab a snack: Chill-o-Matic 3000",
+   "Grab a snack: Chill-o-Matic 3000",
+   "Grab a snack: Chill-o-Matic 3000",
+   "Grab a snack: Chill-o-Matic 3000",
+   "Grab a snack: Chill-o-Matic 3000",
+   "Grab a snack: Chill-o-Matic 3000",
+   "Grab a snack: Chill-o-Matic 3000",
+   "Grab a snack: Chill-o-Matic 3000",
+   "Grab a snack: Chill-o-Matic 3000",
+   "Grab a snack: Chill-o-Matic 3000",
+   "Grab a snack: Chill-o-Matic 3000",
+   "Grab a snack: Chill-o-Matic 3000",
+   "Grab a snack: Chill-o-Matic 3000",
+   "Grab a snack: Chill-o-Matic 3000",
+   "Grab a snack: Chill-o-Matic 3000",
+   "Grab a snack: Chill-o-Matic 3000",
+   "Grab a snack: Chill-o-Matic 3000",
+   "Grab a snack: Chill-o-Matic 3000",
+   "Grab a snack: Chill-o-Matic 3000",
+   "Grab a snack: Chill-o-Matic 3000",
+   "Grab a snack: Chill-o-Matic 3000",
+   "Grab a snack: Chill-o-Matic 3000",
+   "Grab a snack: Chill-o-Matic 3000",
+   "Grab a snack: Chill-o-Matic 3000",
+   "Grab a snack: Chill-o-Matic 3000",
+   "Grab a snack: Chill-o-Matic 3000",
+   "Grab a snack: Chill-o-Matic 3000",
+   "Grab a snack: Chill-o-Matic 3000",
+   "Grab a snack: Chill-o-Matic 3000",
+   "Grab a snack: Chill-o-Matic 3000",
+   "Grab a snack: Chill-o-Matic 3000",
+   "Grab a snack: Chill-o-Matic 3000",
+   "Grab a snack: Chill-o-Matic 3000",
+   "Grab a snack: Chill-o-Matic 3000",
+   "Grab a snack: Chill-o-Matic 3000",
+   "Grab a snack: Chill-o-Matic 3000",
+   "Grab a snack: Chill-o-Matic 3000",
+   "Grab a snack: Chill-o-Matic 3000",
+   "Grab a snack: Chill-o-Matic 3000",
+   "Grab a snack: Chill-o-Matic 3000",
+   "Grab a snack: Chill-o-Matic 3000",
+   "Grab a snack: Chill-o-Matic 3000",
+   "Grab a snack: Chill-o-Matic 3000",
+   "Grab a snack: Chill-o-Matic 3000",
+   "Grab a snack: Chill-o-Matic 3000",
+   "Grab a snack: Chill-o-Matic 3000",
+   "Grab a snack: Chill-o-Matic 3000",
+   "Grab a snack: Chill-o-Matic 3000",
+   "Grab a snack: Chill-o-Matic 3000",
+   "Grab a snack: Chill-o-Matic 3000",
+   "Grab a snack: Chill-o-Matic 3000",
+   "Grab a snack: Chill-o-Matic 3000",
+   "Grab a snack: Chill-o-Matic 3000",
+   "Grab a snack: Chill-o-Matic 3000",
+   "Grab a snack: Chill-o-Matic 3000",
+   "Grab a snack: Chill-o-Matic 3000",
+   "Grab a snack: Chill-o-Matic 3000",
+   "Grab a snack: Chill-o-Matic 3000",
+   "Grab a snack: Chill-o-Matic 3000",
+   "Grab a snack: Chill-o-Matic 3000",
+   "Grab a snack: Chill-o-Matic 3000",
+   "Grab a snack: Chill-o-Matic 3000",
+   "Grab a snack: Chill-o-Matic 3000",
+   "Grab a snack: Chill-o-Matic 3000",
+   "Grab a snack: Chill-o-Matic 3000",
+   "Grab a snack: Chill-o-Matic 3000",
+   "Grab a snack: Chill-o-Matic 3000",
+   "Grab a snack: Chill-o-Matic 3000",
+   "Grab a snack: Chill-o-Matic 3000",
+   "Grab a snack: Chill-o-Matic 3000",
+   "Grab a snack: Chill-o-Matic 3000",
+   "Grab a snack: Chill-o-Matic 3000",
+   "Grab a snack: Chill-o-Matic 3000",
+   "Grab a snack: Chill-o-Matic 3000",
+   "Grab a snack: Chill-o-Matic 3000",
+   "Grab a snack: Chill-o-Matic 3000",
+   "Grab a snack: Chill-o-Matic 3000",
+   "Grab a snack: Chill-o-Matic 3000",
+   "Grab a snack: Chill-o-Matic 3000",
+   "Grab a snack: Chill-o-Matic 3000",
+   "Grab a snack: Chill-o-Matic 3000",
+   "Grab a snack: Chill-o-Matic 3000",
+   "Grab a snack: Chill-o-Matic 3000",
+   "Grab a snack: Chill-o-Matic 3000",
+   "Grab a snack: Chill-o-Matic 3000",
+   "Grab a snack: Chill-o-Matic 3000",
+   "Grab a snack: Chill-o-Matic 3000",
+   "Grab a snack: Chill-o-Matic 3000",
+   "Grab a snack: Chill-o-Matic 3000",
+   "Grab a snack: Chill-o-Matic 3000",
+   "Grab a snack: Chill-o-Matic 3000",
+   "Grab a snack: Chill-o-Matic 3000",
+   "Grab a snack: Chill-o-Matic 3000",
+   "Grab a snack: Chill-o-Matic 3000",
+   "Grab a snack: Chill-o-Matic 3000",
+   "Grab a snack: Chill-o-Matic 3000",
+   "Grab a snack: Chill-o-Matic 3000",
+   "Grab a snack: Chill-o-Matic 3000",
+   "Grab a snack: Chill-o-Matic 3000",
+   "Grab a snack: Chill-o-Matic 3000",
+   "Grab a snack: Chill-o-Matic 3000",
+   "Grab a snack: Chill-o-Matic 3000",
+   "Grab a snack: Chill-o-Matic 3000",
+   "Grab a snack: Chill-o-Matic 3000",
+   "Grab a snack: Chill-o-Matic 3000",
+   "Grab a snack: Chill-o-Matic 3000",
+   "Grab a snack: Chill-o-Matic 3000",
+   "Grab a snack: Chill-o-Matic 3000",
+   "Grab a snack: Chill-o-Matic 3000",
+   "Grab a snack: Chill-o-Matic 3000",
+   "Grab a snack: Chill-o-Matic 3000",
+   "Grab a snack: Chill-o-Matic 3000",
+   "Grab a snack: Chill-o-Matic 3000",
+   "Grab a snack: Chill-o-Matic 3000",
+   "Grab a snack: Chill-o-Matic 3000",
+   "Grab a snack: Chill-o-Matic 3000",
+   "Grab a snack: Chill-o-Matic 3000",
+   "Grab a snack: Chill-o-Matic 3000",
+   "Grab a snack: Chill-o-Matic 3000",
+   "Grab a snack: Chill-o-Matic 3000",
+   "Grab a snack: Chill-o-Matic 3000",
+   "Grab a snack: Chill-o-Matic 3000",
+   "Grab a snack: Chill-o-Matic 3000",
+   "Grab a snack: Chill-o-Matic 3000",
+   "Grab a snack: Chill-o-Matic 3000",
+   "Grab a snack: Chill-o-Matic 3000",
+   "Grab a snack: Chill-o-Matic 3000",
+   "Grab a snack: Chill-o-Matic 3000",
+   "Grab a snack: Chill-o-Matic 3000",
+   "Grab a snack: Chill-o-Matic 3000",
+   "Grab a snack: Chill-o-Matic 3000",
+   "Grab a snack: Chill-o-Matic 3000",
+   "Grab a snack: Chill-o-Matic 3000",
+   "Grab a snack: Chill-o-Matic 3000",
+   "Grab a snack: Chill-o-Matic 3000",
+   "Grab a snack: Chill-o-Matic 3000",
+   "Grab a snack: Chill-o-Matic 3000",
+   "Grab a snack: Chill-o-Matic 3000",
+   "Grab a snack: Chill-o-Matic 3000",
+   "Grab a snack: Chill-o-Matic 3000",
+   "Grab a snack: Chill-o-Matic 3000",
+   "Grab a snack: Chill-o-Matic 3000",
+   "Grab a snack: Chill-o-Matic 3000",
+   "Grab a snack: Chill-o-Matic 3000",
+   "Grab a snack: Chill-o-Matic 3000",
+   "Grab a snack: Chill-o-Matic 3000",
+   "Grab a snack: Chill-o-Matic 3000",
+   "Grab a snack: Chill-o-Matic 3000",
+   "Grab a snack: Chill-o-Matic 3000",
+   "Grab a snack: Chill-o-Matic 3000",
+   "Grab a snack: Chill-o-Matic 3000",
+   "Grab a snack: Chill-o-Matic 3000",
+   "Grab a snack: Chill-o-Matic 3000",
+   "Grab a snack: Chill-o-Matic 3000",
+   "Grab a snack: Chill-o-Matic 3000",
+   "Grab a snack: Chill-o-Matic 3000",
+   "Grab a snack: Chill-o-Matic 3000",
+   "Grab a snack: Chill-o-Matic 3000",
+   "Grab a snack: Chill-o-Matic 3000",
+   "Grab a snack: Chill-o-Matic 3000",
+   "Grab a snack: Chill-o-Matic 3000",
+   "Grab a snack: Chill-o-Matic 3000",
+   "Grab a snack: Chill-o-Matic 3000",
+   "Grab a snack: Chill-o-Matic 3000",
+   "Grab a snack: Chill-o-Matic 3000",
+   "Grab a snack: Chill-o-Matic 3000",
+   "Grab a snack: Chill-o-Matic 3000",
+   "Grab a snack: Chill-o-Matic 3000",
+   "Grab a snack: Chill-o-Matic 3000",
+   "Grab a snack: Chill-o-Matic 3000",
+   "Grab a snack: Chill-o-Matic 3000",
+   "Grab a snack: Chill-o-Matic 3000",
+   "Grab a snack: Chill-o-Matic 3000",
+   "Grab a snack: Chill-o-Matic 3000",
+   "Grab a snack: Chill-o-Matic 3000",
+   "Grab a snack: Chill-o-Matic 3000",
+   "Grab a snack: Chill-o-Matic 3000",
+   "Grab a snack: Chill-o-Matic 3000",
+   "Grab a snack: Chill-o-Matic 3000",
+   "Grab a snack: Chill-o-Matic 3000",
+   "Grab a snack: Chill-o-Matic 3000",
+   "Grab a snack: Chill-o-Matic 3000",
+   "Grab a snack: Chill-o-Matic 3000",
+   "Grab a snack: Chill-o-Matic 3000",
+   "Grab a snack: Chill-o-Matic 3000",
+   "Grab a snack: Chill-o-Matic 3000",
+   "Grab a snack: Chill-o-Matic 3000",
+   "Grab a snack: Chill-o-Matic 3000",
+   "Grab a snack: Chill-o-Matic 3000",
+   "Grab a snack: Chill-o-Matic 3000",
+   "Grab a snack: Chill-o-Matic 3000",
+   "Grab a snack: Chill-o-Matic 3000",
+   "Grab a snack: Chill-o-Matic 3000",
+   "Grab a snack: Chill-o-Matic 3000",
+   "Grab a snack: Chill-o-Matic 3000",
+   "Grab a snack: Chill-o-Matic 3000",
+   "Grab a snack: Chill-o-Matic 3000",
+   "Grab a snack: Chill-o-Matic 3000",
+   "Grab a snack: Chill-o-Matic 3000",
+   "Grab a snack: Chill-o-Matic 3000",
+   "Grab a snack: Chill-o-Matic 3000",
+   "Grab a snack: Chill-o-Matic 3000",
+   "Grab a snack: Chill-o-Matic 3000",
+   "Grab a snack: Chill-o-Matic 3000",
+   "Grab a snack: Chill-o-Matic 3000",
+   "Grab a snack: Chill-o-Matic 3000",
+   "Grab a snack: Chill-o-Matic 3000",
+   "Grab a snack: Chill-o-Matic 3000",
+   "Grab a snack: Chill-o-Matic 3000",
+   "Grab a snack: Chill-o-Matic 3000",
+   "Grab a snack: Chill-o-Matic 3000",
+   "Grab a snack: Chill-o-Matic 3000",
+   "Grab a snack: Chill-o-Matic 3000",
+   "Grab a snack: Chill-o-Matic 3000",
+   "Grab a snack: Chill-o-Matic 3000",
+   "Grab a snack: Chill-o-Matic 3000",
+   "Grab a snack: Chill-o-Matic 3000",
+   "Grab a snack: Chill-o-Matic 3000",
+   "Grab a snack: Chill-o-Matic 3000",
+   "Grab a snack: Chill-o-Matic 3000",
+   "Grab a snack: Chill-o-Matic 3000",
+   "Grab a snack: Chill-o-Matic 3000",
+   "Grab a snack: Chill-o-Matic 3000",
+   "Grab a snack: Chill-o-Matic 3000",
+   "Grab a snack: Chill-o-Matic 3000",
+   "Grab a snack: Chill-o-Matic 3000",
+   "Grab a snack: Chill-o-Matic 3000",
+   "Grab a snack: Chill-o-Matic 3000",
+   "Grab a snack: Chill-o-Matic 3000",
+   "Grab a snack: Chill-o-Matic 3000",
+   "Grab a snack: Chill-o-Matic 3000",
+   "Grab a snack: Chill-o-Matic 3000",
+   "Grab a snack: Chill-o-Matic 3000",
+   "Grab a snack: Chill-o-Matic 3000",
+   "Grab a snack: Chill-o-Matic 3000",
+   "Grab a snack: Chill-o-Matic 3000",
+   "Grab a snack: Chill-o-Matic 3000",
+   "Grab a snack: Chill-o-Matic 3000",
+   "Grab a snack: Chill-o-Matic 3000",
+   "Grab a snack: Chill-o-Matic 3000",
+   "Grab a snack: Chill-o-Matic 3000",
+   "Grab a snack: Chill-o-Matic 3000",
+   "Grab a snack: Chill-o-Matic 3000",
+   "Grab a snack: Chill-o-Matic 3000",
+   "Grab a snack: Chill-o-Matic 3000",
+   "Grab a snack: Chill-o-Matic 3000",
+   "Grab a snack: Chill-o-Matic 3000",
+   "Grab a snack: Chill-o-Matic 3000",
+   "Grab a snack: Chill-o-Matic 3000",
+   "Grab a snack: Chill-o-Matic 3000",
+   "Grab a snack: Chill-o-Matic 3000",
+   "Grab a snack: Chill-o-Matic 3000",
+   "Grab a snack: Chill-o-Matic 3000",
+   "Grab a snack: Chill-o-Matic 3000",
+   "Grab a snack: Chill-o-Matic 3000",
+   "Grab a snack: Chill-o-Matic 3000",
+   "Grab a snack: Chill-o-Matic 3000",
+   "Grab a snack: Chill-o-Matic 3000",
+   "Grab a snack: Chill-o-Matic 3000",
+   "Grab a snack: Chill-o-Matic 3000",
+   "Grab a snack: Chill-o-Matic 3000",
+   "Grab a snack: Chill-o-Matic 3000",
+   "Grab a snack: Chill-o-Matic 3000",
+   "Grab a snack: Chill-o-Matic 3000",
+   "Grab a snack: Chill-o-Matic 3000",
+   "Grab a snack: Chill-o-Matic 3000",
+   "Grab a snack: Chill-o-Matic 3000",
+   "Grab a snack: Chill-o-Matic 3000",
+   "Grab a snack: Chill-o-Matic 3000",
+   "Grab a snack: Chill-o-Matic 3000",
+   "Grab a snack: Chill-o-Matic 3000",
+   "Grab a snack: Chill-o-Matic 3000",
+   "Grab a snack: Chill-o-Matic 3000",
+   "Grab a snack: Chill-o-Matic 3000",
+   "Grab a snack: Chill-o-Matic 3000",
+   "Grab a snack: Chill-o-Matic 3000",
+   "Grab a snack: Chill-o-Matic 3000",
+   "Grab a snack: Chill-o-Matic 3000",
+   "Grab a snack: Chill-o-Matic 3000",
+   "Grab a snack: Chill-o-Matic 3000",
+   "Grab a snack: Chill-o-Matic 3000",
+   "Grab a snack: Chill-o-Matic 3000",
+   "Grab a snack: Chill-o-Matic 3000",
+   "Grab a snack: Chill-o-Matic 3000",
+   "Grab a snack: Chill-o-Matic 3000",
+   "Grab a snack: Chill-o-Matic 3000",
+   "Grab a snack: Chill-o-Matic 3000",
+   "Grab a snack: Chill-o-Matic 3000",
+   "Grab a snack: Chill-o-Matic 3000",
+   "Grab a snack: Chill-o-Matic 3000",
+   "Grab a snack: Chill-o-Matic 3000",
+   "Grab a snack: Chill-o-Matic 3000",
+   "Grab a snack: Chill-o-Matic 3000",
+   "Grab a snack: Chill-o-Matic 3000",
+   "Grab a snack: Chill-o-Matic 3000",
+   "Grab a snack: Chill-o-Matic 3000",
+   "Grab a snack: Chill-o-Matic 3000",
+   "Grab a snack: Chill-o-Matic 3000",
+   "Grab a snack: Chill-o-Matic 3000",
+   "Grab a snack: Chill-o-Matic 3000",
+   "Grab a snack: Chill-o-Matic 3000",
+   "Grab a snack: Chill-o-Matic 3000",
+   "Grab a snack: Chill-o-Matic 3000",
+   "Grab a snack: Chill-o-Matic 3000",
+   "Grab a snack: Chill-o-Matic 3000",
+   "Grab a snack: Chill-o-Matic 3000",
+   "Grab a snack: Chill-o-Matic 3000",
+   "Grab a snack: Chill-o-Matic 3000",
+   "Grab a snack: Chill-o-Matic 3000",
+   "Grab a snack: Chill-o-Matic 3000",
+   "Grab a snack: Chill-o-Matic 3000",
+   "Grab a snack: Chill-o-Matic 3000",
+   "Grab a snack: Chill-o-Matic 3000",
+   "Grab a snack: Chill-o-Matic 3000",
+   "Grab a snack: Chill-o-Matic 3000",
+   "Grab a snack: Chill-o-Matic 3000",
+   "Grab a snack: Chill-o-Matic 3000",
+   "Grab a snack: Chill-o-Matic 3000",
+   "Grab a snack: Chill-o-Matic 3000",
+   "Grab a snack: Chill-o-Matic 3000",
+   "Grab a snack: Chill-o-Matic 3000",
+   "Grab a snack: Chill-o-Matic 3000",
+   "Grab a snack: Chill-o-Matic 3000",
+   "Grab a snack: Chill-o-Matic 3000",
+   "Grab a snack: Chill-o-Matic 3000",
+   "Grab a snack: Chill-o-Matic 3000",
+   "Grab a snack: Chill-o-Matic 3000",
+   "Grab a snack: Chill-o-Matic 3000",
+   "Grab a snack: Chill-o-Matic 3000",
+   "Grab a snack: Chill-o-Matic 3000",
+   "Grab a snack: Chill-o-Matic 3000",
+   "Grab a snack: Chill-o-Matic 3000",
+   "Grab a snack: Chill-o-Matic 3000",
+   "Grab a snack: Chill-o-Matic 3000",
+   "Grab a snack: Chill-o-Matic 3000",
+   "Grab a snack: Chill-o-Matic 3000",
+   "Grab a snack: Chill-o-Matic 3000",
+   "Grab a snack: Chill-o-Matic 3000",
+   "Grab a snack: Chill-o-Matic 3000",
+   "Grab a snack: Chill-o-Matic 3000",
+   "Grab a snack: Chill-o-Matic 3000",
+   "Grab a snack: Chill-o-Matic 3000",
+   "Grab a snack: Chill-o-Matic 3000",
+   "Grab a snack: Chill-o-Matic 3000",
+   "Grab a snack: Chill-o-Matic 3000",
+   "Grab a snack: Chill-o-Matic 3000",
+   "Grab a snack: Chill-o-Matic 3000",
+   "Grab a snack: Chill-o-Matic 3000",
+   "Grab a snack: Chill-o-Matic 3000",
+   "Grab a snack: Chill-o-Matic 3000",
+   "Grab a snack: Chill-o-Matic 3000",
+   "Grab a snack: Chill-o-Matic 3000",
+   "Grab a snack: Chill-o-Matic 3000",
+   "Grab a snack: Chill-o-Matic 3000",
+   "Grab a snack: Chill-o-Matic 3000",
+   "Grab a snack: Chill-o-Matic 3000",
+   "Grab a snack: Chill-o-Matic 3000",
+   "Grab a snack: Chill-o-Matic 3000",
+   "Grab a snack: Chill-o-Matic 3000",
+   "Grab a snack: Chill-o-Matic 3000",
+   "Grab a snack: Chill-o-Matic 3000",
+   "Grab a snack: Chill-o-Matic 3000",
+   "Grab a snack: Chill-o-Matic 3000",
+   "Grab a snack: Chill-o-Matic 3000",
+   "Grab a snack: Chill-o-Matic 3000",
+   "Grab a snack: Chill-o-Matic 3000",
+   "Grab a snack: Chill-o-Matic 3000",
+   "Grab a snack: Chill-o-Matic 3000",
+   "Grab a snack: Chill-o-Matic 3000",
+   "Grab a snack: Chill-o-Matic 3000",
+   "Grab a snack: Chill-o-Matic 3000",
+   "Grab a snack: Chill-o-Matic 3000",
+   "Grab a snack: Chill-o-Matic 3000",
+   "Grab a snack: Chill-o-Matic 3000",
+   "Grab a snack: Chill-o-Matic 3000",
+   "Grab a snack: Chill-o-Matic 3000",
+   "Grab a snack: Chill-o-Matic 3000",
+   "Grab a snack: Chill-o-Matic 3000",
+   "Grab a snack: Chill-o-Matic 3000",
+   "Grab a snack: Chill-o-Matic 3000",
+   "Grab a snack: Chill-o-Matic 3000",
+   "Grab a snack: Chill-o-Matic 3000",
+   "Grab a snack: Chill-o-Matic 3000",
+   "Grab a snack: Chill-o-Matic 3000",
+   "Grab a snack: Chill-o-Matic 3000",
+   "Grab a snack: Chill-o-Matic 3000",
+   "Grab a snack: Chill-o-Matic 3000",
+   "Grab a snack: Chill-o-Matic 3000",
+   "Grab a snack: Chill-o-Matic 3000",
+   "Grab a snack: Chill-o-Matic 3000",
+   "Grab a snack: Chill-o-Matic 3000",
+   "Grab a snack: Chill-o-Matic 3000",
+   "Grab a snack: Chill-o-Matic 3000",
+   "Grab a snack: Chill-o-Matic 3000",
+   "Grab a snack: Chill-o-Matic 3000",
+   "Grab a snack: Chill-o-Matic 3000",
+   "Grab a snack: Chill-o-Matic 3000",
+   "Grab a snack: Chill-o-Matic 3000",
+   "Grab a snack: Chill-o-Matic 3000",
+   "Grab a snack: Chill-o-Matic 3000",
+   "Grab a snack: Chill-o-Matic 3000",
+   "Grab a snack: Chill-o-Matic 3000",
+   "Grab a snack: Chill-o-Matic 3000",
+   "Grab a snack: Chill-o-Matic 3000",
+   "Grab a snack: Chill-o-Matic 3000",
+   "Grab a snack: Chill-o-Matic 3000",
+   "Grab a snack: Chill-o-Matic 3000",
+   "Grab a snack: Chill-o-Matic 3000",
+   "Grab a snack: Chill-o-Matic 3000",
+   "Grab a snack: Chill-o-Matic 3000",
+   "Grab a snack: Chill-o-Matic 3000",
+   "Grab a snack: Chill-o-Matic 3000",
+   "Grab a snack: Chill-o-Matic 3000",
+   "Grab a snack: Chill-o-Matic 3000",
+   "Grab a snack: Chill-o-Matic 3000",
+   "Grab a snack: Chill-o-Matic 3000",
+   "Grab a snack: Chill-o-Matic 3000",
+   "Grab a snack: Chill-o-Matic 3000",
+   "Grab a snack: Chill-o-Matic 3000",
+   "Grab a snack: Chill-o-Matic 3000",
+   "Grab a snack: Chill-o-Matic 3000",
+   "Grab a snack: Chill-o-Matic 3000",
+   "Grab a snack: Chill-o-Matic 3000",
+   "Grab a snack: Chill-o-Matic 3000",
+   "Grab a snack: Chill-o-Matic 3000",
+   "Grab a snack: Chill-o-Matic 3000",
+   "Grab a snack: Chill-o-Matic 3000",
+   "Grab a snack: Chill-o-Matic 3000",
+   "Grab a snack: Chill-o-Matic 3000",
+   "Grab a snack: Chill-o-Matic 3000",
+   "Grab a snack: Chill-o-Matic 3000",
+   "Grab a snack: Chill-o-Matic 3000",
+   "Grab a snack: Chill-o-Matic 3000",
+   "Grab a snack: Chill-o-Matic 3000",
+   "Grab a snack: Chill-o-Matic 3000",
+   "Grab a snack: Chill-o-Matic 3000",
+   "Grab a snack: Chill-o-Matic 3000",
+   "Grab a snack: Chill-o-Matic 3000",
+   "Grab a snack: Chill-o-Matic 3000",
+   "Grab a snack: Chill-o-Matic 3000",
+   "Grab a snack: Chill-o-Matic 3000",
+   "Grab a snack: Chill-o-Matic 3000",
+   "Grab a snack: Chill-o-Matic 3000",
+   "Grab a snack: Chill-o-Matic 3000",
+   "Grab a snack: Chill-o-Matic 3000",
+   "Grab a snack: Chill-o-Matic 3000",
+   "Grab a snack: Chill-o-Matic 3000",
+   "Grab a snack: Chill-o-Matic 3000",
+   "Grab a snack: Chill-o-Matic 3000",
+   "Grab a snack: Chill-o-Matic 3000",
+   "Grab a snack: Chill-o-Matic 3000",
+   "Grab a snack: Chill-o-Matic 3000",
+   "Grab a snack: Chill-o-Matic 3000",
+   "Grab a snack: Chill-o-Matic 3000",
+   "Grab a snack: Chill-o-Matic 3000",
+   "Grab a snack: Chill-o-Matic 3000",
+   "Grab a snack: Chill-o-Matic 3000",
+   "Grab a snack: Chill-o-Matic 3000",
+   "Grab a snack: Chill-o-Matic 3000",
+   "Grab a snack: Chill-o-Matic 3000",
+   "Grab a snack: Chill-o-Matic 3000",
+   "Grab a snack: Chill-o-Matic 3000",
+   "Grab a snack: Chill-o-Matic 3000",
+   "Grab a snack: Chill-o-Matic 3000",
+   "Grab a snack: Chill-o-Matic 3000",
+   "Grab a snack: Chill-o-Matic 3000",
+   "Grab a snack: Chill-o-Matic 3000",
+   "Grab a snack: Chill-o-Matic 3000",
+   "Grab a snack: Chill-o-Matic 3000",
+   "Grab a snack: Chill-o-Matic 3000",
+   "Grab a snack: Chill-o-Matic 3000",
+   "Grab a snack: Chill-o-Matic 3000",
+   "Grab a snack: Chill-o-Matic 3000",
+   "Grab a snack: Chill-o-Matic 3000",
+   "Grab a snack: Chill-o-Matic 3000",
+   "Grab a snack: Chill-o-Matic 3000",
+   "Grab a snack: Chill-o-Matic 3000",
+   "Grab a snack: Chill-o-Matic 3000",
+   "Grab a snack: Chill-o-Matic 3000",
+   "Grab a snack: Chill-o-Matic 3000",
+   "Grab a snack: Chill-o-Matic 3000",
+   "Grab a snack: Chill-o-Matic 3000",
+   "Grab a snack: Chill-o-Matic 3000",
+   "Grab a snack: Chill-o-Matic 3000",
+   "Grab a snack: Chill-o-Matic 3000",
+   "Grab a snack: Chill-o-Matic 3000",
+   "Grab a snack: Chill-o-Matic 3000",
+   "Grab a snack: Chill-o-Matic 3000",
+   "Grab a snack: Chill-o-Matic 3000",
+   "Grab a snack: Chill-o-Matic 3000",
+   "Grab a snack: Chill-o-Matic 3000",
+   "Grab a snack: Chill-o-Matic 3000",
+   "Grab a snack: Chill-o-Matic 3000",
+   "Grab a snack: Chill-o-Matic 3000",
+   "Grab a snack: Chill-o-Matic 3000",
+   "Grab a snack: Chill-o-Matic 3000",
+   "Grab a snack: Chill-o-Matic 3000",
  ]

 ❯ tests/bridge.test.ts:1410:42
    1408|       expect(status.textContent).toBe('');
    1409|       const cards = bridge.actionQueueOf(1);
    1410|       expect(bridge.actionQueueOf(1, 4)).toEqual(cards.slice(0, 4));
       |                                          ^
    1411|       expect(bridge.actionQueueOf(1, 0)).toEqual([]);
    1412|       expect(bridge.actionQueueOf(1, -1)).toEqual([]);

⎯⎯⎯⎯⎯⎯⎯⎯⎯⎯⎯⎯⎯⎯⎯⎯⎯⎯⎯⎯⎯⎯⎯⎯[1/2]⎯


 Test Files  1 failed (1)
      Tests  2 failed | 46 passed (48)
   Start at  10:58:17
   Duration  975ms (transform 205ms, setup 0ms, import 244ms, tests 620ms, environment 0ms)
