
 RUN  v4.1.10 D:/VIBES/.worktrees/gameplay-ui/terrilives/web

 ❯ tests/legacy-save.test.ts (1 test | 1 failed) 58ms
   × loads the captured historical save through release WASM and preserves continuation 57ms

⎯⎯⎯⎯⎯⎯⎯ Failed Tests 1 ⎯⎯⎯⎯⎯⎯⎯

 FAIL  tests/legacy-save.test.ts > loads the captured historical save through release WASM and preserves continuation
AssertionError: expected 157n to be 457n // Object.is equality

- Expected
+ Received

- 457n
+ 157n

 ❯ tests/legacy-save.test.ts:24:31
     22|     expect(resumed.load_bytes(current)).toBe(true);
     23|     for (let tick = 0; tick < 300; tick += 1) { loaded.tick(); resumed…
     24|     expect(loaded.sim_tick()).toBe(457n);
       |                               ^
     25|     expect(resumed.sim_tick()).toBe(457n);
     26|     expect(loaded.save_bytes()).toEqual(resumed.save_bytes());

⎯⎯⎯⎯⎯⎯⎯⎯⎯⎯⎯⎯⎯⎯⎯⎯⎯⎯⎯⎯⎯⎯⎯⎯[1/1]⎯


 Test Files  1 failed (1)
      Tests  1 failed (1)
   Start at  10:58:15
   Duration  225ms (transform 46ms, setup 0ms, import 57ms, tests 58ms, environment 0ms)
