
 RUN  v4.1.10 D:/VIBES/.worktrees/gameplay-ui/terrilives/web

 ❯ tests/legacy-save.test.ts (1 test | 1 failed) 53ms
   × loads the captured historical save through release WASM and preserves continuation 53ms

⎯⎯⎯⎯⎯⎯⎯ Failed Tests 1 ⎯⎯⎯⎯⎯⎯⎯

 FAIL  tests/legacy-save.test.ts > loads the captured historical save through release WASM and preserves continuation
AssertionError: expected Uint8Array[ 84, 69, 82, 82, 73, …(3051) ] to deeply equal Uint8Array[ 84, 69, 82, 82, 73, …(3022) ]

- Expected
+ Received

@@ -17,21 +17,20 @@
    163,
    202,
    231,
    194,
    1,
-   157,
-   1,
-   184,
-   151,
-   206,
-   212,
-   181,
-   215,
-   132,
-   132,
-   27,
+   0,
+   230,
+   236,
+   180,
+   194,
+   141,
+   167,
+   150,
+   153,
+   48,
    241,
    157,
    169,
    19,
    0,
@@ -1997,71 +1996,57 @@
    0,
    34,
    1,
    0,
    0,
+   16,
+   65,
    0,
    0,
    0,
-   0,
-   128,
-   63,
+   64,
    1,
    0,
    0,
    0,
    0,
    0,
-   1,
+   0,
+   0,
    0,
-   1,
-   6,
-   1,
    0,
+   0,
    1,
-   58,
-   136,
-   152,
+   0,
+   0,
+   120,
    66,
-   55,
-   252,
-   183,
+   0,
+   0,
+   200,
    66,
-   119,
-   100,
-   177,
+   0,
+   0,
+   200,
    66,
-   11,
-   249,
-   167,
+   0,
+   0,
+   200,
    66,
-   240,
-   213,
-   191,
+   0,
+   0,
+   200,
    66,
-   249,
-   103,
-   136,
+   0,
+   0,
+   156,
    66,
-   104,
-   247,
-   192,
+   0,
+   0,
+   200,
    66,
-   1,
-   1,
-   6,
-   102,
-   114,
-   105,
-   100,
-   103,
-   101,
    0,
-   201,
-   161,
-   165,
-   62,
    1,
    0,
    1,
    3,
    84,
@@ -2215,12 +2200,12 @@
    97,
    100,
    105,
    110,
    103,
-   1,
    1,
+   3,
    11,
    108,
    111,
    119,
    95,
@@ -2233,10 +2218,40 @@
    115,
    154,
    153,
    25,
    63,
+   8,
+   98,
+   111,
+   111,
+   107,
+   119,
+   111,
+   114,
+   109,
+   0,
+   0,
+   0,
+   0,
+   12,
+   111,
+   117,
+   116,
+   95,
+   111,
+   102,
+   95,
+   115,
+   104,
+   97,
+   112,
+   101,
+   61,
+   10,
+   215,
+   62,
    0,
    1,
    10,
    111,
    102,
@@ -2256,97 +2271,57 @@
    0,
    35,
    1,
    0,
    0,
-   192,
+   0,
    64,
+   0,
    0,
    0,
-   8,
    65,
    1,
    0,
    0,
-   1,
-   9,
-   20,
-   16,
-   18,
-   16,
-   16,
-   16,
-   14,
-   16,
-   12,
-   16,
-   12,
-   18,
-   10,
-   18,
-   8,
-   18,
-   8,
-   16,
-   5,
+   0,
+   0,
+   0,
+   0,
+   0,
    0,
    0,
-   1,
    0,
    1,
-   20,
    0,
    0,
-   1,
-   122,
-   136,
-   180,
+   200,
    66,
-   44,
-   48,
-   153,
+   0,
+   0,
+   166,
    66,
-   119,
-   100,
-   177,
+   0,
+   0,
+   200,
    66,
-   11,
-   249,
-   167,
+   0,
+   0,
+   200,
    66,
-   16,
-   218,
-   194,
+   0,
+   0,
+   200,
    66,
-   217,
-   237,
-   184,
+   0,
+   0,
+   200,
    66,
-   73,
-   159,
-   151,
+   0,
+   0,
+   92,
    66,
-   1,
-   1,
-   12,
-   100,
-   105,
-   110,
-   105,
-   110,
-   103,
-   95,
-   116,
-   97,
-   98,
-   108,
-   101,
    0,
-   6,
-   133,
-   107,
-   62,
    1,
    1,
    1,
    4,
    66,
@@ -2477,11 +2452,11 @@
    107,
    105,
    110,
    103,
    1,
-   1,
+   4,
    18,
    116,
    101,
    108,
    101,
@@ -2495,12 +2470,68 @@
    100,
    101,
    118,
    111,
    116,
+   101,
+   101,
+   0,
+   0,
+   0,
+   0,
+   15,
+   101,
+   120,
+   101,
+   114,
+   99,
+   105,
+   115,
+   101,
+   95,
+   97,
+   118,
+   101,
+   114,
+   115,
    101,
+   0,
+   0,
+   0,
+   0,
+   12,
+   102,
+   105,
+   115,
+   104,
+   95,
+   119,
+   97,
+   116,
+   99,
+   104,
+   101,
+   114,
+   0,
+   0,
+   0,
+   0,
+   14,
+   112,
+   114,
+   105,
+   118,
+   97,
+   116,
+   101,
+   95,
+   112,
    101,
+   114,
+   115,
+   111,
+   110,
    0,
    0,
    0,
    0,
    0,
@@ -2513,107 +2544,57 @@
    0,
    36,
    1,
    0,
    0,
+   160,
    64,
-   65,
    0,
    0,
-   224,
-   64,
+   128,
+   63,
    1,
+   0,
    0,
    0,
-   1,
-   17,
-   26,
-   6,
-   26,
-   8,
-   26,
-   10,
-   26,
-   12,
-   26,
-   14,
-   24,
-   14,
-   24,
-   16,
-   22,
-   16,
-   20,
-   16,
-   18,
-   16,
-   16,
-   16,
-   14,
-   16,
-   12,
-   16,
-   12,
-   18,
-   10,
-   18,
-   8,
-   18,
-   8,
-   20,
-   6,
+   0,
    0,
    0,
-   1,
    0,
-   1,
-   20,
+   0,
    0,
    0,
    1,
-   122,
-   136,
-   180,
+   0,
+   0,
+   200,
    66,
-   59,
-   13,
-   169,
+   0,
+   0,
+   200,
    66,
-   29,
-   195,
-   189,
+   0,
+   0,
+   142,
    66,
-   11,
-   249,
-   167,
+   0,
+   0,
+   200,
    66,
-   18,
-   36,
-   81,
+   0,
+   0,
+   104,
    66,
-   217,
-   237,
-   184,
+   0,
+   0,
+   200,
    66,
-   230,
-   243,
-   189,
+   0,
+   0,
+   200,
    66,
-   1,
-   1,
-   6,
-   115,
-   104,
-   111,
-   119,
-   101,
-   114,
    0,
-   27,
-   6,
-   129,
-   62,
    1,
    2,
    1,
    5,
    67,
@@ -2743,12 +2724,12 @@
    105,
    115,
    105,
    110,
    103,
-   1,
    1,
+   4,
    11,
    99,
    97,
    110,
    110,
@@ -2761,10 +2742,58 @@
    107,
    0,
    0,
    128,
    62,
+   12,
+   107,
+   101,
+   101,
+   110,
+   95,
+   99,
+   121,
+   99,
+   108,
+   105,
+   115,
+   116,
+   0,
+   0,
+   0,
+   0,
+   10,
+   99,
+   104,
+   97,
+   116,
+   116,
+   101,
+   114,
+   98,
+   111,
+   120,
+   0,
+   0,
+   0,
+   0,
+   11,
+   115,
+   108,
+   111,
+   119,
+   95,
+   114,
+   101,
+   97,
+   100,
+   101,
+   114,
+   225,
+   122,
+   20,
+   63,
    0,
    0,
    0,
    0,
    0,

 ❯ tests/legacy-save.test.ts:19:33
     17|     const before = loaded.save_bytes();
     18|     expect(loaded.load_bytes(bytes.slice(0, -1))).toBe(false);
     19|     expect(loaded.save_bytes()).toEqual(before);
       |                                 ^
     20|     const current = loaded.save_bytes();
     21|     expect([...current.slice(8, 10)]).toEqual([5, 0]);

⎯⎯⎯⎯⎯⎯⎯⎯⎯⎯⎯⎯⎯⎯⎯⎯⎯⎯⎯⎯⎯⎯⎯⎯[1/1]⎯


 Test Files  1 failed (1)
      Tests  1 failed (1)
   Start at  10:58:16
   Duration  193ms (transform 28ms, setup 0ms, import 38ms, tests 53ms, environment 0ms)
