
 RUN  v4.1.10 D:/VIBES/.worktrees/gameplay-ui/terrilives/web

 ❯ tests/hud-scrollbar.test.ts (1 test | 1 failed) 5ms
   × preserves usable sidebar width as its scrollbar appears and disappears 4ms

⎯⎯⎯⎯⎯⎯⎯ Failed Tests 1 ⎯⎯⎯⎯⎯⎯⎯

 FAIL  tests/hud-scrollbar.test.ts > preserves usable sidebar width as its scrollbar appears and disappears
AssertionError: expected '0px' to be '24px' // Object.is equality

Expected: "24px"
Received: "0px"

 ❯ tests/hud-scrollbar.test.ts:22:53
     20|   try {
     21|     const cleanup = observeHudScrollbar(root as unknown as HTMLElement…
     22|     expect(properties.get('--hud-scrollbar-width')).toBe('24px');
       |                                                     ^
     23|     expect(properties.get('--hud-summary-bottom')).toBe('93px');
     24|     root.offsetWidth = 220; resized();

⎯⎯⎯⎯⎯⎯⎯⎯⎯⎯⎯⎯⎯⎯⎯⎯⎯⎯⎯⎯⎯⎯⎯⎯[1/1]⎯


 Test Files  1 failed (1)
      Tests  1 failed (1)
   Start at  10:12:54
   Duration  135ms (transform 16ms, setup 0ms, import 24ms, tests 5ms, environment 0ms)
