
 RUN  v4.1.10 D:/VIBES/.worktrees/gameplay-ui/terrilives/web

 ❯ tests/action-queue.test.ts (4 tests | 1 failed) 143ms
   × renders only the visible queue window without limiting stored orders 64ms

⎯⎯⎯⎯⎯⎯⎯ Failed Tests 1 ⎯⎯⎯⎯⎯⎯⎯

 FAIL  tests/action-queue.test.ts > renders only the visible queue window without limiting stored orders
AssertionError: expected [ { …(3) }, { …(3) }, …(199998) ] to have a length of 11 but got 200000

- Expected
+ Received

- 11
+ 200000

 ❯ tests/action-queue.test.ts:39:16
     37|   const source = { selectedIndex: () => 1, actionQueueOf: () => action…
     38|   expect(() => queue.update(0, source)).not.toThrow();
     39|   expect(rows).toHaveLength(11);
       |                ^
     40|   expect(actions).toHaveLength(200_000);
     41|   expect(actions.at(-1)).toBe('Order 199999');

⎯⎯⎯⎯⎯⎯⎯⎯⎯⎯⎯⎯⎯⎯⎯⎯⎯⎯⎯⎯⎯⎯⎯⎯[1/1]⎯


 Test Files  1 failed (1)
      Tests  1 failed | 3 passed (4)
   Start at  10:12:52
   Duration  312ms (transform 83ms, setup 0ms, import 61ms, tests 143ms, environment 0ms)
