   Compiling terri-sim v0.1.0 (D:\VIBES\.worktrees\a8a4\terrilives\crates\terri-sim)
warning: function `active_surface` is never used
  --> crates\terri-sim\src\targeted_cleanup.rs:49:15
   |
49 | pub(crate) fn active_surface(world: &World, person: u32) -> Option<u32> {
   |               ^^^^^^^^^^^^^^
   |
   = note: `#[warn(dead_code)]` (part of `#[warn(unused)]`) on by default

warning: `terri-sim` (lib test) generated 1 warning
    Finished `test` profile [unoptimized + debuginfo] target(s) in 11.31s
     Running unittests src\lib.rs (target\debug\deps\terri_sim-0bcea68002488dc1.exe)

running 1 test
test domestic::tests::targeted_surface_returns_for_new_dishes_and_preserves_other_surfaces_through_every_save ... FAILED

failures:

---- domestic::tests::targeted_surface_returns_for_new_dishes_and_preserves_other_surfaces_through_every_save stdout ----

thread 'domestic::tests::targeted_surface_returns_for_new_dishes_and_preserves_other_surfaces_through_every_save' (39820) panicked at crates\terri-sim\src\domestic\tests.rs:151:5:
the chore must make a second trip for dishes added during washing
note: run with `RUST_BACKTRACE=1` environment variable to display a backtrace


failures:
    domestic::tests::targeted_surface_returns_for_new_dishes_and_preserves_other_surfaces_through_every_save

test result: FAILED. 0 passed; 1 failed; 0 ignored; 0 measured; 914 filtered out; finished in 0.70s

error: test failed, to rerun pass `-p terri-sim --lib`
