   Compiling serde_core v1.0.229
   Compiling serde v1.0.229
   Compiling equivalent v1.0.2
   Compiling crossbeam-utils v0.8.22
   Compiling hashbrown v0.16.1
   Compiling thiserror v2.0.19
   Compiling foldhash v0.2.0
   Compiling spin v0.10.1
   Compiling cfg-if v1.0.4
   Compiling bevy_platform v0.18.1
   Compiling typeid v1.0.3
   Compiling parking v2.2.1
   Compiling futures-core v0.3.33
   Compiling futures-io v0.3.33
   Compiling pin-project-lite v0.2.17
   Compiling fastrand v2.5.0
   Compiling futures-lite v2.6.1
   Compiling thread_local v1.1.10
   Compiling concurrent-queue v2.5.0
   Compiling erased-serde v0.4.10
   Compiling derive_more v2.1.1
   Compiling hashbrown v0.17.1
   Compiling slab v0.4.12
   Compiling disqualified v1.0.0
   Compiling async-task v4.7.1
   Compiling indexmap v2.14.0
   Compiling async-executor v1.14.0
   Compiling bevy_utils v0.18.1
   Compiling crossbeam-queue v0.3.13
   Compiling slotmap v1.1.1
   Compiling atomic-waker v1.1.2
   Compiling smallvec v1.15.2
   Compiling bevy_ptr v0.18.1
   Compiling downcast-rs v2.0.2
   Compiling bevy_reflect v0.18.1
   Compiling bevy_tasks v0.18.1
   Compiling fixedbitset v0.5.7
   Compiling bumpalo v3.20.3
   Compiling log v0.4.33
   Compiling bitflags v2.13.1
   Compiling nonmax v0.5.5
   Compiling bevy_ecs v0.18.1
   Compiling cobs v0.3.0
   Compiling wasm-bindgen-shared v0.2.126
   Compiling postcard v1.1.3
   Compiling terri-data v0.1.0 (D:\VIBES\.worktrees\a8a4\terrilives\crates\terri-data)
   Compiling unicode-ident v1.0.24
   Compiling wasm-bindgen v0.2.126
   Compiling terri-core v0.1.0 (D:\VIBES\.worktrees\a8a4\terrilives\crates\terri-core)
   Compiling once_cell v1.21.4
   Compiling terri-sim v0.1.0 (D:\VIBES\.worktrees\a8a4\terrilives\crates\terri-sim)
   Compiling terri-wasm v0.1.0 (D:\VIBES\.worktrees\a8a4\terrilives\crates\terri-wasm)
    Finished `release` profile [optimized] target(s) in 1m 20s
     Running unittests src\lib.rs (target\release\deps\terri_wasm-cff635d51f739122.exe)

running 3 tests
test targeted_cleanup_tests::scoped_cleanup_boundary_rejects_invalid_numbers_and_noncanonical_selections ... ok
test targeted_cleanup_tests::scoped_cleanup_invalid_semantics_cannot_break_a_paused_save ... ok
test targeted_cleanup_tests::scoped_cleanup_optional_tail_rejects_every_interior_cut_transactionally ... ok

test result: ok. 3 passed; 0 failed; 0 ignored; 0 measured; 171 filtered out; finished in 0.01s

